<html>
<body>
<pre>
<h1>µVision Build Log</h1>
<h2>Tool Versions:</h2>
IDE-Version: µVision V5.30.0.0
Copyright (C) 2020 ARM Ltd and ARM Germany GmbH. All rights reserved.
License Information: Fang Doan, VNU, LIC=----
 
Tool Versions:
Toolchain:       MDK-Lite  Version: 5.30.0.0
Toolchain Path:  C:\Keil_v5\ARM\ARMCC\Bin
C Compiler:      Armcc.exe V5.06 update 6 (build 750)
Assembler:       Armasm.exe V5.06 update 6 (build 750)
Linker/Locator:  ArmLink.exe V5.06 update 6 (build 750)
Library Manager: ArmAr.exe V5.06 update 6 (build 750)
Hex Converter:   FromElf.exe V5.06 update 6 (build 750)
CPU DLL:         SARMCM3.DLL V5.30.0.0
Dialog DLL:      DARMCM1.DLL V1.19.3.0
Target DLL:      PEMicro\Pemicro_ArmCortexInterface.dll V1.3.0.0
Dialog DLL:      TARMCM1.DLL V1.14.2.0
 
<h2>Project:</h2>
C:\Users\phuon\Downloads\KL46\LCD\LCD.uvprojx
Project File Date:  06/13/2020

<h2>Output:</h2>
*** Using Compiler 'V5.06 update 6 (build 750)', folder: 'C:\Keil_v5\ARM\ARMCC\Bin'
Rebuild target 'Target 1'
assembling startup_MKL46Z4.s...
compiling system_MKL46Z4.c...
RTE\Device\MKL46Z128xxx4\system_MKL46Z4.c(75): warning:  #47-D: incompatible redefinition of macro "CPU_XTAL_CLK_HZ"  (declared at line 125 of "RTE\Device\MKL46Z128xxx4\system_MKL46Z4.h")
      #define CPU_XTAL_CLK_HZ                 8000000u /* Value of the external crystal or oscillator clock frequency in Hz */
RTE\Device\MKL46Z128xxx4\system_MKL46Z4.c(76): warning:  #47-D: incompatible redefinition of macro "CPU_INT_SLOW_CLK_HZ"  (declared at line 126 of "RTE\Device\MKL46Z128xxx4\system_MKL46Z4.h")
      #define CPU_INT_SLOW_CLK_HZ             32768u   /* Value of the slow internal oscillator clock frequency in Hz  */
RTE\Device\MKL46Z128xxx4\system_MKL46Z4.c(77): warning:  #47-D: incompatible redefinition of macro "CPU_INT_FAST_CLK_HZ"  (declared at line 127 of "RTE\Device\MKL46Z128xxx4\system_MKL46Z4.h")
      #define CPU_INT_FAST_CLK_HZ             4000000u /* Value of the fast internal oscillator clock frequency in Hz  */
RTE\Device\MKL46Z128xxx4\system_MKL46Z4.c(78): warning:  #47-D: incompatible redefinition of macro "DEFAULT_SYSTEM_CLOCK"  (declared at line 135 of "RTE\Device\MKL46Z128xxx4\system_MKL46Z4.h")
      #define DEFAULT_SYSTEM_CLOCK            41943040u /* Default System clock value */
RTE\Device\MKL46Z128xxx4\system_MKL46Z4.c: 4 warnings, 0 errors
compiling LCD.c...
LCD.c(173): warning:  #177-D: variable "k"  was declared but never referenced
  	int k;
LCD.c(11): warning:  #177-D: variable "LCD_Backplane_Pin"  was declared but never referenced
  const static uint8_t LCD_Backplane_Pin[LCD_NUM_BACKPLANE_PINS] = {LCD_BACKPLANE0, LCD_BACKPLANE1, LCD_BACKPLANE2, LCD_BACKPLANE3};
LCD.c: 2 warnings, 0 errors
compiling main.cpp...
LCD.c(173): warning:  #177-D: variable "k"  was declared but never referenced
  	int k;
main.h(60): warning:  #1-D: last line of file ends without a newline
  																
Delay.h(35): warning:  #1-D: last line of file ends without a newline
  #endif
main.cpp: 3 warnings, 0 errors
linking...
Program Size: Code=4976 RO-data=236 RW-data=48 ZI-data=608  
".\Objects\LCD.axf" - 0 Error(s), 9 Warning(s).

<h2>Software Packages used:</h2>

Package Vendor: ARM
                http://www.keil.com/pack/ARM.CMSIS.5.7.0.pack
                ARM.CMSIS.5.7.0
                CMSIS (Cortex Microcontroller Software Interface Standard)
   * Component: CORE Version: 5.4.0

Package Vendor: NXP
                http://mcuxpresso.nxp.com/cmsis_pack/repo/NXP.MKL46Z4_DFP.10.0.3.pack
                NXP.MKL46Z4_DFP.10.0.3
                Device Family Pack for MKL46Z4
   * Component: Startup Version: 1.0.0

<h2>Collection of Component include folders:</h2>
  .\RTE\Device\MKL46Z128xxx4
  .\RTE\_Target_1
  C:\Users\phuon\AppData\Local\Arm\Packs\ARM\CMSIS\5.7.0\CMSIS\Core\Include

<h2>Collection of Component Files used:</h2>

   * Component: ARM::CMSIS:CORE:5.4.0

   * Component: NXP::Device:Startup:1.0.0
      Source file:   arm\startup_MKL46Z4.s
      Include file:  MKL46Z4_features.h
      Include file:  MKL46Z4.h
      Include file:  fsl_device_registers.h
      Include file:  system_MKL46Z4.h
      Source file:   system_MKL46Z4.c
Build Time Elapsed:  00:00:01
</pre>
</body>
</html>
