###############################################################################
#
# IAR ELF Linker V8.50.1.245/W32 for ARM                  13/Jun/2020  14:41:55
# Copyright 2007-2020 IAR Systems AB.
#
#    Output file  =
#        C:\Users\phuon\OneDrive\Documents\blink\proj\Debug\Exe\blink.out
#    Map file     =
#        C:\Users\phuon\OneDrive\Documents\blink\proj\Debug\List\blink.map
#    Command line =
#        -f C:\Users\phuon\AppData\Local\Temp\EWC2A8.tmp
#        (C:\Users\phuon\OneDrive\Documents\blink\proj\Debug\Obj\main.o
#        C:\Users\phuon\OneDrive\Documents\blink\proj\Debug\Obj\Seg_LCD.o
#        C:\Users\phuon\OneDrive\Documents\blink\proj\Debug\Obj\startup_MKL46Z4.o
#        C:\Users\phuon\OneDrive\Documents\blink\proj\Debug\Obj\system_MKL46Z4.o
#        --no_out_extension -o
#        C:\Users\phuon\OneDrive\Documents\blink\proj\Debug\Exe\blink.out
#        --redirect _Printf=_PrintfFullNoMb --redirect _Scanf=_ScanfFullNoMb
#        --map
#        C:\Users\phuon\OneDrive\Documents\blink\proj\Debug\List\blink.map
#        --config "C:\Program Files (x86)\IAR Systems\Embedded Workbench
#        8.4\arm\config\linker\NXP\MKL46Z256xxx4.icf" --semihosting --entry
#        __iar_program_start --vfe --text_out locale)
#
###############################################################################

*******************************************************************************
*** RUNTIME MODEL ATTRIBUTES
***

CppFlavor       = *
__SystemLibrary = DLib
__dlib_version  = 6


*******************************************************************************
*** HEAP SELECTION
***

The basic heap was selected because some modules are built with
size limitations (and not runtime checking), and --advanced_heap
was not specified.


*******************************************************************************
*** PLACEMENT SUMMARY
***

"A0":  place at address 0x0 { ro section .intvec };
"P1":  place in [from 0x0 to 0x3ff] |
                [from 0x410 to 0x3'ffff] { ro };
define block CSTACK with size = 2K, alignment = 8 { };
define block HEAP with size = 4K, alignment = 8 { };
"P3":  place in [from 0x1fff'e000 to 0x1fff'ffff] |
                [from 0x2000'0000 to 0x2000'5fff] {
          rw, block CSTACK, block HEAP };
"P5":  place in [from 0x400 to 0x40f] { section FlashConfig };
initialize by copy { rw };

No sections matched the following patterns:

  ro section application_specific_ro  in "P2|P4"
  rw section application_specific_rw  in "P2|P4"


  Section            Kind         Address   Size  Object
  -------            ----         -------   ----  ------
"A0":                                       0xc0
  .intvec            ro code          0x0   0xc0  startup_MKL46Z4.o [1]
                                   - 0xc0   0xc0

"P1", part 1 of 2:                         0x148
  .text              ro code         0xc0   0xae  I32DivModFast.o [3]
  .text              ro code        0x16e    0x2  startup_MKL46Z4.o [1]
  .text              ro code        0x170    0x2  IntDivZer.o [3]
  .text              ro code        0x172   0x30  copy_init3.o [3]
  .text              ro code        0x1a2    0x2  startup_MKL46Z4.o [1]
  .text              ro code        0x1a4   0x28  data_init.o [3]
  .text              ro code        0x1cc   0x24  startup_MKL46Z4.o [1]
  Initializer bytes  const          0x1f0   0x18  <for P3 s0>
                                  - 0x208  0x148

"P5":                                       0x10
  FlashConfig        ro code        0x400   0x10  startup_MKL46Z4.o [1]
                                  - 0x410   0x10

"P1", part 2 of 2:                         0x4e8
  .text              ro code        0x410  0x408  main.o [1]
  .iar.init_table    const          0x818   0x14  - Linker created -
  .text              ro code        0x82c   0x1e  cmain.o [3]
  .text              ro code        0x84a    0x4  low_level_init.o [2]
  .text              ro code        0x84e    0x8  exit.o [2]
  .text              ro code        0x856    0x2  startup_MKL46Z4.o [1]
  .text              ro code        0x858    0xa  cexit.o [3]
  .text              ro code        0x862    0x2  startup_MKL46Z4.o [1]
  .text              ro code        0x864   0x14  exit.o [4]
  .text              ro code        0x878    0xc  system_MKL46Z4.o [1]
  .text              ro code        0x884    0xc  cstartup_M.o [3]
  .text              ro code        0x890    0x8  startup_MKL46Z4.o [1]
  .text              ro code        0x898    0x8  startup_MKL46Z4.o [1]
  .text              ro code        0x8a0    0x8  startup_MKL46Z4.o [1]
  .text              ro code        0x8a8    0x8  startup_MKL46Z4.o [1]
  .text              ro code        0x8b0    0x8  startup_MKL46Z4.o [1]
  .text              ro code        0x8b8    0x8  startup_MKL46Z4.o [1]
  .text              ro code        0x8c0    0x8  startup_MKL46Z4.o [1]
  .text              ro code        0x8c8    0x8  startup_MKL46Z4.o [1]
  .text              ro code        0x8d0    0x8  startup_MKL46Z4.o [1]
  .text              ro code        0x8d8    0x8  startup_MKL46Z4.o [1]
  .text              ro code        0x8e0    0x8  startup_MKL46Z4.o [1]
  .text              ro code        0x8e8    0x8  startup_MKL46Z4.o [1]
  .text              ro code        0x8f0    0x8  startup_MKL46Z4.o [1]
  .rodata            const          0x8f8    0x0  copy_init3.o [3]
                                  - 0x8f8  0x4e8

"P3", part 1 of 2:                          0x18
  P3 s0                       0x1fff'e000   0x18  <Init block>
    .bss             inited   0x1fff'e000    0x8  main.o [1]
    .bss             inited   0x1fff'e008    0x8  main.o [1]
    .data            inited   0x1fff'e010    0x4  system_MKL46Z4.o [1]
    .bss             inited   0x1fff'e014    0x1  main.o [1]
                            - 0x1fff'e018   0x18

"P3", part 2 of 2:                         0x800
  CSTACK                      0x1fff'e018  0x800  <Block>
    CSTACK           uninit   0x1fff'e018  0x800  <Block tail>
                            - 0x1fff'e818  0x800

Unused ranges:

         From           To      Size
         ----           --      ----
        0x208        0x3ff     0x1f8
        0x8f8     0x3'ffff  0x3'f708
  0x1fff'e818  0x1fff'ffff    0x17e8
  0x2000'0000  0x2000'5fff    0x6000


*******************************************************************************
*** INIT TABLE
***

          Address      Size
          -------      ----
Copy (__iar_copy_init3)
    1 source range, total size 0x18 (114% of destination):
                0x1f0  0x18
    1 destination range, total size 0x15:
          0x1fff'e000  0x15



*******************************************************************************
*** MODULE SUMMARY
***

    Module             ro code  ro data  rw data
    ------             -------  -------  -------
command line/config:
    --------------------------------------------
    Total:

C:\Users\phuon\OneDrive\Documents\blink\proj\Debug\Obj: [1]
    main.o               1'032       17       17
    startup_MKL46Z4.o      356
    system_MKL46Z4.o        12        4        4
    --------------------------------------------
    Total:               1'400       21       21

dl6M_tln.a: [2]
    exit.o                   8
    low_level_init.o         4
    --------------------------------------------
    Total:                  12

rt6M_tl.a: [3]
    I32DivModFast.o        174
    IntDivZer.o              2
    cexit.o                 10
    cmain.o                 30
    copy_init3.o            48
    cstartup_M.o            12
    data_init.o             40
    --------------------------------------------
    Total:                 316

shb_l.a: [4]
    exit.o                  20
    --------------------------------------------
    Total:                  20

    Linker created                   23    2'048
------------------------------------------------
    Grand Total:         1'748       44    2'069


*******************************************************************************
*** ENTRY LIST
***

Entry                       Address  Size  Type      Object
-----                       -------  ----  ----      ------
.iar.init_table$$Base         0x818         --   Gb  - Linker created -
.iar.init_table$$Limit        0x82c         --   Gb  - Linker created -
?main                         0x82d        Code  Gb  cmain.o [3]
CSTACK$$Base            0x1fff'e018         --   Gb  - Linker created -
CSTACK$$Limit           0x1fff'e818         --   Gb  - Linker created -
Delay                         0x4e3  0x1e  Code  Gb  main.o [1]
NVIC_ClearPendingIRQ          0x41f   0xe  Code  Lc  main.o [1]
NVIC_EnableIRQ                0x411   0xe  Code  Lc  main.o [1]
NVIC_SetPriority              0x42d  0x8a  Code  Lc  main.o [1]
PIT_IRQHandler                0x775  0x30  Code  Gb  main.o [1]
PIT_init                      0x731  0x36  Code  Gb  main.o [1]
PORTC_PORTD_IRQHandler        0x6c9  0x5e  Code  Gb  main.o [1]
PORTC_PORTD_Interrupt_init
                              0x6b1  0x18  Code  Gb  main.o [1]
Region$$Table$$Base           0x818         --   Gb  - Linker created -
Region$$Table$$Limit          0x82c         --   Gb  - Linker created -
SysTick_Handler               0x4d1  0x12  Code  Gb  main.o [1]
SystemCoreClock         0x1fff'e010   0x4  Data  Gb  system_MKL46Z4.o [1]
SystemInit                    0x879   0x8  Code  Gb  system_MKL46Z4.o [1]
__Vectors                       0x0         --   Gb  startup_MKL46Z4.o [1]
__Vectors_End                  0xc0        Data  Gb  startup_MKL46Z4.o [1]
__Vectors_Size {Abs}           0xc0         --   Gb  startup_MKL46Z4.o [1]
__aeabi_idiv0                 0x171        Code  Gb  IntDivZer.o [3]
__aeabi_uidiv                  0xc1        Code  Gb  I32DivModFast.o [3]
__aeabi_uidivmod               0xc1        Code  Gb  I32DivModFast.o [3]
__cmain                       0x82d        Code  Gb  cmain.o [3]
__exit                        0x865  0x14  Code  Gb  exit.o [4]
__iar_copy_init3              0x173  0x30  Code  Gb  copy_init3.o [3]
__iar_data_init3              0x1a5  0x28  Code  Gb  data_init.o [3]
__iar_program_start           0x885        Code  Gb  cstartup_M.o [3]
__low_level_init              0x84b   0x4  Code  Gb  low_level_init.o [2]
__vector_table                  0x0        Data  Gb  startup_MKL46Z4.o [1]
__vector_table_0x1c            0x1c        Data  Gb  startup_MKL46Z4.o [1]
_call_main                    0x839        Code  Gb  cmain.o [3]
_exit                         0x859        Code  Gb  cexit.o [3]
_main                         0x847        Code  Gb  cmain.o [3]
exit                          0x84f   0x8  Code  Gb  exit.o [2]
initLed                       0x5f5  0x44  Code  Gb  main.o [1]
initSW                        0x639  0x72  Code  Gb  main.o [1]
init_SysTick_interrupt        0x4b7  0x1a  Code  Gb  main.o [1]
lastOperation           0x1fff'e008   0x8  Data  Gb  main.o [1]
main                          0x501  0xf4  Code  Gb  main.o [1]
mode                    0x1fff'e014   0x1  Data  Gb  main.o [1]
msTicks                 0x1fff'e000   0x8  Data  Gb  main.o [1]


[1] = C:\Users\phuon\OneDrive\Documents\blink\proj\Debug\Obj
[2] = dl6M_tln.a
[3] = rt6M_tl.a
[4] = shb_l.a

  1'748 bytes of readonly  code memory
     44 bytes of readonly  data memory
  2'069 bytes of readwrite data memory

Errors: none
Warnings: none
