Component: ARM Compiler 5.06 update 6 (build 750) Tool: armlink [4d35ed]

==============================================================================

Section Cross References

    main.o(i._Z10SegLCD_Sethh) refers to main.o(i._Z19SegLCD_DisplayErrorh) for SegLCD_DisplayError(unsigned char)
    main.o(i._Z10SegLCD_Sethh) refers to main.o(.constdata) for LCD_Frontplane_Pin
    main.o(i._Z14PIT_IRQHandlerv) refers to main.o(.data) for mode
    main.o(i._Z15SysTick_Handlerv) refers to main.o(.data) for msTicks
    main.o(i._Z17SegLCD_DisplayHext) refers to main.o(i._Z10SegLCD_Sethh) for SegLCD_Set(unsigned char, unsigned char)
    main.o(i._Z18SegLCD_DisplayTimehh) refers to main.o(i._Z19SegLCD_DisplayErrorh) for SegLCD_DisplayError(unsigned char)
    main.o(i._Z18SegLCD_DisplayTimehh) refers to aeabi_sdiv.o(.text) for __aeabi_idivmod
    main.o(i._Z18SegLCD_DisplayTimehh) refers to main.o(i._Z10SegLCD_Sethh) for SegLCD_Set(unsigned char, unsigned char)
    main.o(i._Z19SegLCD_DisplayErrorh) refers to main.o(i._Z10SegLCD_Sethh) for SegLCD_Set(unsigned char, unsigned char)
    main.o(i._Z21SegLCD_DisplayDecimalt) refers to main.o(i._Z19SegLCD_DisplayErrorh) for SegLCD_DisplayError(unsigned char)
    main.o(i._Z21SegLCD_DisplayDecimalt) refers to aeabi_sdiv.o(.text) for __aeabi_idivmod
    main.o(i._Z21SegLCD_DisplayDecimalt) refers to main.o(i._Z10SegLCD_Sethh) for SegLCD_Set(unsigned char, unsigned char)
    main.o(i._Z22PORTC_PORTD_IRQHandlerv) refers to main.o(i._Z21SegLCD_DisplayDecimalt) for SegLCD_DisplayDecimal(unsigned short)
    main.o(i._Z22PORTC_PORTD_IRQHandlerv) refers to main.o(i._Z5Delayj) for Delay(unsigned)
    main.o(i._Z22PORTC_PORTD_IRQHandlerv) refers to main.o(.data) for mode
    main.o(i._Z22init_SysTick_interruptv) refers to aeabi_sdiv.o(.text) for __aeabi_uidivmod
    main.o(i._Z22init_SysTick_interruptv) refers to system_mkl46z4.o(.data) for SystemCoreClock
    main.o(i._Z26PORTC_PORTD_Interrupt_initv) refers to main.o(i._Z16__NVIC_EnableIRQ4IRQn) for __NVIC_EnableIRQ(IRQn)
    main.o(i._Z26PORTC_PORTD_Interrupt_initv) refers to main.o(i._Z18__NVIC_SetPriority4IRQnj) for __NVIC_SetPriority(IRQn, unsigned)
    main.o(i._Z5Delayj) refers to main.o(.data) for msTicks
    main.o(i._Z8PIT_initj) refers to main.o(i._Z18__NVIC_SetPriority4IRQnj) for __NVIC_SetPriority(IRQn, unsigned)
    main.o(i._Z8PIT_initj) refers to main.o(i._Z16__NVIC_EnableIRQ4IRQn) for __NVIC_EnableIRQ(IRQn)
    main.o(i.main) refers to _printf_percent.o(.ARM.Collect$$_printf_percent$$00000000) for _printf_percent
    main.o(i.main) refers to _printf_d.o(.ARM.Collect$$_printf_percent$$00000009) for _printf_d
    main.o(i.main) refers to _printf_dec.o(.text) for _printf_int_dec
    main.o(i.main) refers to main.o(i._Z7initLedv) for initLed()
    main.o(i.main) refers to main.o(i._Z6initSWv) for initSW()
    main.o(i.main) refers to main.o(i._Z22init_SysTick_interruptv) for init_SysTick_interrupt()
    main.o(i.main) refers to main.o(i._Z26PORTC_PORTD_Interrupt_initv) for PORTC_PORTD_Interrupt_init()
    main.o(i.main) refers to main.o(i._Z5Delayj) for Delay(unsigned)
    main.o(i.main) refers to main.o(i._Z8PIT_initj) for PIT_init(unsigned)
    main.o(i.main) refers to noretval__2printf.o(.text) for __2printf
    main.o(i.main) refers to main.o(.data) for msTicks
    main.o(.ARM.exidx) refers to main.o(i._Z18__NVIC_SetPriority4IRQnj) for i._Z18__NVIC_SetPriority4IRQnj
    main.o(.ARM.exidx) refers to main.o(i._Z11SegLCD_Initv) for i._Z11SegLCD_Initv
    main.o(.ARM.exidx) refers to main.o(i._Z19SegLCD_DisplayErrorh) for i._Z19SegLCD_DisplayErrorh
    main.o(.ARM.exidx) refers to main.o(i._Z10SegLCD_Sethh) for i._Z10SegLCD_Sethh
    main.o(.ARM.exidx) refers to main.o(i._Z21SegLCD_DisplayDecimalt) for i._Z21SegLCD_DisplayDecimalt
    main.o(.ARM.exidx) refers to main.o(i._Z17SegLCD_DisplayHext) for i._Z17SegLCD_DisplayHext
    main.o(.ARM.exidx) refers to main.o(i._Z18SegLCD_DisplayTimehh) for i._Z18SegLCD_DisplayTimehh
    main.o(.ARM.exidx) refers to main.o(i._Z22init_SysTick_interruptv) for i._Z22init_SysTick_interruptv
    main.o(.ARM.exidx) refers to main.o(i._Z15SysTick_Handlerv) for i._Z15SysTick_Handlerv
    main.o(.ARM.exidx) refers to main.o(i._Z5Delayj) for i._Z5Delayj
    main.o(.ARM.exidx) refers to main.o(i._Z8PIT_initj) for i._Z8PIT_initj
    main.o(.ARM.exidx) refers to main.o(i._Z26PORTC_PORTD_Interrupt_initv) for i._Z26PORTC_PORTD_Interrupt_initv
    main.o(.ARM.exidx) refers to main.o(i._Z6initSWv) for i._Z6initSWv
    main.o(.ARM.exidx) refers to main.o(i._Z7initLedv) for i._Z7initLedv
    main.o(.ARM.exidx) refers to main.o(i.main) for i.main
    main.o(.ARM.exidx) refers to main.o(i._Z22PORTC_PORTD_IRQHandlerv) for i._Z22PORTC_PORTD_IRQHandlerv
    main.o(.ARM.exidx) refers to main.o(i._Z14PIT_IRQHandlerv) for i._Z14PIT_IRQHandlerv
    main.o(.ARM.exidx) refers to main.o(i._Z16__NVIC_EnableIRQ4IRQn) for i._Z16__NVIC_EnableIRQ4IRQn
[...]
    heap2mt.o(i.___Heap_Valid$realtime$concurrent) refers to heap2mt.o(.conststring) for .conststring
    heap2mt.o(i._free$realtime$concurrent) refers to rt_heap_descriptor_intlibspace.o(.text) for __rt_heap_descriptor
    heap2mt.o(i._free$realtime$concurrent) refers to fdtree.o(i._FDTree_Delete) for _FDTree_Delete
    heap2mt.o(i._free$realtime$concurrent) refers to fdtree.o(i._FDTree_Insert) for _FDTree_Insert
    heap2mt.o(i._malloc$realtime$concurrent) refers to rt_heap_descriptor_intlibspace.o(.text) for __rt_heap_descriptor
    heap2mt.o(i._malloc$realtime$concurrent) refers to fdtree.o(i._FDTree_FindFirst) for _FDTree_FindFirst
    heap2mt.o(i._malloc$realtime$concurrent) refers to init_alloc.o(.text) for __Heap_Full
    heap2mt.o(i._malloc$realtime$concurrent) refers to fdtree.o(i._FDTree_RemoveNode) for _FDTree_RemoveNode
    heap2mt.o(i._malloc$realtime$concurrent) refers to fdtree.o(i._FDTree_Insert) for _FDTree_Insert
    heap2mt.o(i._posix_memalign$realtime$concurrent) refers to rt_heap_descriptor_intlibspace.o(.text) for __rt_heap_descriptor
    heap2mt.o(i._posix_memalign$realtime$concurrent) refers to fdtree.o(i._FDTree_FindFirst) for _FDTree_FindFirst
    heap2mt.o(i._posix_memalign$realtime$concurrent) refers to init_alloc.o(.text) for __Heap_Full
    heap2mt.o(i._posix_memalign$realtime$concurrent) refers to fdtree.o(i._FDTree_RemoveNode) for _FDTree_RemoveNode
    heap2mt.o(i._posix_memalign$realtime$concurrent) refers to fdtree.o(i._FDTree_Insert) for _FDTree_Insert
    heap2mt.o(i._realloc$realtime$concurrent) refers to rt_heap_descriptor_intlibspace.o(.text) for __rt_heap_descriptor
    heap2mt.o(i._realloc$realtime$concurrent) refers to h1_free.o(.text) for free
    heap2mt.o(i._realloc$realtime$concurrent) refers to h1_alloc.o(.text) for malloc
    heap2mt.o(i._realloc$realtime$concurrent) refers to fdtree.o(i._FDTree_Delete) for _FDTree_Delete
    heap2mt.o(i._realloc$realtime$concurrent) refers to fdtree.o(i._FDTree_Insert) for _FDTree_Insert
    heap2mt.o(i._realloc$realtime$concurrent) refers to rt_memcpy.o(.emb_text) for __aeabi_memcpy4
    flsbuf.o(.text) refers to stdio.o(.text) for _deferredlazyseek
    flsbuf.o(.text) refers to sys_io.o(.text) for _sys_flen
    flsbuf.o(.text) refers to h1_alloc.o(.text) for malloc
    streamlock.o(.data) refers (Special) to initio.o(.text) for _initio
    fopen.o(.text) refers to fclose.o(.text) for _fclose_internal
    fopen.o(.text) refers to sys_io.o(.text) for _sys_open
    fopen.o(.text) refers to fseek.o(.text) for _fseek
    fopen.o(.text) refers to h1_alloc.o(.text) for malloc
    fopen.o(.text) refers to rt_memclr.o(.text) for __aeabi_memclr4
    fopen.o(.text) refers to stdio_streams.o(.bss) for __stdin
    fclose.o(.text) refers to stdio.o(.text) for _fflush
    fclose.o(.text) refers to sys_io.o(.text) for _sys_close
    fclose.o(.text) refers to h1_free.o(.text) for free
    fclose.o(.text) refers to rt_memclr.o(.text) for __aeabi_memclr4
    fopen_locked.o(.text) refers to fclose.o(.text) for _fclose_internal
    fopen_locked.o(.text) refers to sys_io.o(.text) for _sys_open
    fopen_locked.o(.text) refers to fseek.o(.text) for _fseek
    fopen_locked.o(.text) refers to h1_alloc.o(.text) for malloc
    fopen_locked.o(.text) refers to rt_memclr.o(.text) for __aeabi_memclr4
    fopen_locked.o(.text) refers to streamlock.o(.data) for _stream_list_lock
    fopen_locked.o(.text) refers to stdio_streams.o(.bss) for __stdin
    exit.o(.text) refers to rtexit.o(.ARM.Collect$$rtexit$$00000000) for __rt_exit
    defsig_fpe_outer.o(.text) refers to defsig_fpe_inner.o(.text) for __rt_SIGFPE_inner
    defsig_fpe_outer.o(.text) refers to defsig_exit.o(.text) for __sig_exit
    defsig_fpe_formal.o(.text) refers to rt_raise.o(.text) for __rt_raise
    defsig_rtred_outer.o(.text) refers to defsig_rtred_inner.o(.text) for __rt_SIGRTRED_inner
    defsig_rtred_outer.o(.text) refers to defsig_exit.o(.text) for __sig_exit
    defsig_rtred_formal.o(.text) refers to rt_raise.o(.text) for __rt_raise
    libinit.o(.ARM.Collect$$libinit$$00000000) refers (Special) to libinit2.o(.ARM.Collect$$libinit$$0000002E) for __rt_lib_init_alloca_1
    libinit.o(.ARM.Collect$$libinit$$00000000) refers (Special) to libinit2.o(.ARM.Collect$$libinit$$0000002C) for __rt_lib_init_argv_1
    libinit.o(.ARM.Collect$$libinit$$00000000) refers (Special) to libinit2.o(.ARM.Collect$$libinit$$0000001B) for __rt_lib_init_atexit_1
    libinit.o(.ARM.Collect$$libinit$$00000000) refers (Special) to libinit2.o(.ARM.Collect$$libinit$$00000021) for __rt_lib_init_clock_1
    libinit.o(.ARM.Collect$$libinit$$00000000) refers (Special) to libinit2.o(.ARM.Collect$$libinit$$00000032) for __rt_lib_init_cpp_1
    libinit.o(.ARM.Collect$$libinit$$00000000) refers (Special) to libinit2.o(.ARM.Collect$$libinit$$00000030) for __rt_lib_init_exceptions_1
    libinit.o(.ARM.Collect$$libinit$$00000000) refers (Special) to libinit2.o(.ARM.Collect$$libinit$$00000002) for __rt_lib_init_fp_1
    libinit.o(.ARM.Collect$$libinit$$00000000) refers (Special) to libinit2.o(.ARM.Collect$$libinit$$0000001F) for __rt_lib_init_fp_trap_1
    libinit.o(.ARM.Collect$$libinit$$00000000) refers (Special) to libinit2.o(.ARM.Collect$$libinit$$00000023) for __rt_lib_init_getenv_1
    libinit.o(.ARM.Collect$$libinit$$00000000) refers (Special) to libinit2.o(.ARM.Collect$$libinit$$0000000A) for __rt_lib_init_heap_1
    libinit.o(.ARM.Collect$$libinit$$00000000) refers (Special) to libinit2.o(.ARM.Collect$$libinit$$00000011) for __rt_lib_init_lc_collate_1
    libinit.o(.ARM.Collect$$libinit$$00000000) refers (Special) to libinit2.o(.ARM.Collect$$libinit$$00000013) for __rt_lib_init_lc_ctype_1
    libinit.o(.ARM.Collect$$libinit$$00000000) refers (Special) to libinit2.o(.ARM.Collect$$libinit$$00000015) for __rt_lib_init_lc_monetary_1
    libinit.o(.ARM.Collect$$libinit$$00000000) refers (Special) to libinit2.o(.ARM.Collect$$libinit$$00000017) for __rt_lib_init_lc_numeric_1
    libinit.o(.ARM.Collect$$libinit$$00000000) refers (Special) to libinit2.o(.ARM.Collect$$libinit$$00000019) for __rt_lib_init_lc_time_1
    libinit.o(.ARM.Collect$$libinit$$00000000) refers (Special) to libinit2.o(.ARM.Collect$$libinit$$00000004) for __rt_lib_init_preinit_1
    libinit.o(.ARM.Collect$$libinit$$00000000) refers (Special) to libinit2.o(.ARM.Collect$$libinit$$0000000E) for __rt_lib_init_rand_1
    libinit.o(.ARM.Collect$$libinit$$00000000) refers (Special) to libinit2.o(.ARM.Collect$$libinit$$00000033) for __rt_lib_init_return
    libinit.o(.ARM.Collect$$libinit$$00000000) refers (Special) to libinit2.o(.ARM.Collect$$libinit$$0000001D) for __rt_lib_init_signal_1
    libinit.o(.ARM.Collect$$libinit$$00000000) refers (Special) to libinit2.o(.ARM.Collect$$libinit$$00000025) for __rt_lib_init_stdio_1
    libinit.o(.ARM.Collect$$libinit$$00000000) refers (Special) to libinit2.o(.ARM.Collect$$libinit$$0000000C) for __rt_lib_init_user_alloc_1
    libinit2.o(.ARM.Collect$$libinit$$00000005) refers (Weak) to init_alloc.o(.text) for _init_alloc
    libinit2.o(.ARM.Collect$$libinit$$00000010) refers to libinit2.o(.ARM.Collect$$libinit$$0000000F) for .ARM.Collect$$libinit$$0000000F
    libinit2.o(.ARM.Collect$$libinit$$00000012) refers to libinit2.o(.ARM.Collect$$libinit$$0000000F) for .ARM.Collect$$libinit$$0000000F
    libinit2.o(.ARM.Collect$$libinit$$00000014) refers to libinit2.o(.ARM.Collect$$libinit$$0000000F) for .ARM.Collect$$libinit$$0000000F
    libinit2.o(.ARM.Collect$$libinit$$00000016) refers to libinit2.o(.ARM.Collect$$libinit$$0000000F) for .ARM.Collect$$libinit$$0000000F
    libinit2.o(.ARM.Collect$$libinit$$00000018) refers to libinit2.o(.ARM.Collect$$libinit$$0000000F) for .ARM.Collect$$libinit$$0000000F
    libinit2.o(.ARM.Collect$$libinit$$00000024) refers (Weak) to initio.o(.text) for _initio
    libinit2.o(.ARM.Collect$$libinit$$00000026) refers to argv_veneer.o(.text) for __ARM_argv_veneer
    libinit2.o(.ARM.Collect$$libinit$$00000027) refers to argv_veneer.o(.text) for __ARM_argv_veneer
    libshutdown2.o(.ARM.Collect$$libshutdown$$00000003) refers (Weak) to initio.o(.text) for _terminateio
    libshutdown2.o(.ARM.Collect$$libshutdown$$0000000D) refers (Weak) to term_alloc.o(.text) for _terminate_alloc
    flsbuf_fwide.o(.text) refers to flsbuf.o(.text) for __flsbuf
    libspace.o(.text) refers to libspace.o(.bss) for __libspace_start
    rtexit.o(.ARM.Collect$$rtexit$$00000000) refers (Special) to rtexit2.o(.ARM.Collect$$rtexit$$00000004) for __rt_exit_exit
    rtexit.o(.ARM.Collect$$rtexit$$00000000) refers (Special) to rtexit2.o(.ARM.Collect$$rtexit$$00000003) for __rt_exit_ls
    rtexit.o(.ARM.Collect$$rtexit$$00000000) refers (Special) to rtexit2.o(.ARM.Collect$$rtexit$$00000002) for __rt_exit_prels_1
    rtexit.o(.ARM.exidx) refers (Special) to rtexit2.o(.ARM.Collect$$rtexit$$00000004) for __rt_exit_exit
    rtexit.o(.ARM.exidx) refers (Special) to rtexit2.o(.ARM.Collect$$rtexit$$00000003) for __rt_exit_ls
    rtexit.o(.ARM.exidx) refers (Special) to rtexit2.o(.ARM.Collect$$rtexit$$00000002) for __rt_exit_prels_1
    rtexit.o(.ARM.exidx) refers to rtexit.o(.ARM.Collect$$rtexit$$00000000) for .ARM.Collect$$rtexit$$00000000
    rt_raise.o(.text) refers to __raise.o(.text) for __raise
    rt_raise.o(.text) refers to sys_exit.o(.text) for _sys_exit
    rt_heap_descriptor.o(.text) refers to rt_heap_descriptor.o(.bss) for __rt_heap_descriptor_data
    rt_heap_descriptor_intlibspace.o(.text) refers to libspace.o(.bss) for __libspace_start
    init_alloc.o(.text) refers (Special) to hguard.o(.text) for __heap$guard
    init_alloc.o(.text) refers (Special) to libinit2.o(.ARM.Collect$$libinit$$00000005) for __rt_lib_init_heap_2
    init_alloc.o(.text) refers (Special) to maybetermalloc1.o(.emb_text) for _maybe_terminate_alloc
    init_alloc.o(.text) refers to h1_extend.o(.text) for __Heap_ProvideMemory
    init_alloc.o(.text) refers to defsig_rtmem_outer.o(.text) for __rt_SIGRTMEM
    init_alloc.o(.text) refers to rt_heap_descriptor_intlibspace.o(.text) for __rt_heap_descriptor
    init_alloc.o(.text) refers to h1_init.o(.text) for __Heap_Initialize
    malloc.o(.text) refers (Special) to hguard.o(.text) for __heap$guard
    malloc.o(.text) refers (Special) to init_alloc.o(.text) for _init_alloc
    malloc.o(.text) refers to rt_heap_descriptor_intlibspace.o(.text) for __rt_heap_descriptor
    h1_alloc.o(.text) refers (Special) to h1_init.o(.text) for __Heap_Initialize
    h1_alloc.o(.text) refers to rt_heap_descriptor_intlibspace.o(.text) for __rt_heap_descriptor
    h1_alloc.o(.text) refers to init_alloc.o(.text) for __Heap_Full
    h1_alloc_mt.o(.text) refers (Special) to h1_init.o(.text) for __Heap_Initialize
    h1_alloc_mt.o(.text) refers to init_alloc.o(.text) for __Heap_Full
    h1_alloc_mt.o(.text) refers to rt_heap_descriptor_intlibspace.o(.text) for __rt_heap_descriptor
    _printf_char_file_locked.o(.text) refers to _printf_char_common.o(.text) for _printf_char_common
    _printf_char_file_locked.o(.text) refers to fputc.o(i._fputc$unlocked) for _fputc$unlocked
    fseek.o(.text) refers to sys_io.o(.text) for _sys_istty
    fseek.o(.text) refers to ftell.o(.text) for _ftell_internal
    fseek.o(.text) refers to stdio.o(.text) for _seterr
    stdio.o(.text) refers to sys_io.o(.text) for _sys_seek
    fwritefast.o(.text) refers to stdio.o(.text) for _writebuf
    fwritefast.o(.text) refers to flsbuf.o(.text) for __flsbuf_byte
    fwritefast.o(.text) refers to rt_memcpy.o(.text) for __aeabi_memcpy
    fwritefast_locked.o(.text) refers to stdio.o(.text) for _writebuf
    fwritefast_locked.o(.text) refers to flsbuf.o(.text) for __flsbuf_byte
    fwritefast_locked.o(.text) refers to rt_memcpy.o(.text) for __aeabi_memcpy
    defsig_exit.o(.text) refers to sys_exit.o(.text) for _sys_exit
    defsig_fpe_inner.o(.text) refers to defsig_general.o(.text) for __default_signal_display
    defsig_rtred_inner.o(.text) refers to defsig_general.o(.text) for __default_signal_display
    assert_stdio.o(.text) refers to fputs.o(.text) for fputs
    assert_stdio.o(.text) refers to fflush.o(.text) for fflush
    assert_stdio.o(.text) refers to stdio_streams.o(.bss) for __stderr
    rt_memcpy.o(.text) refers to rt_memcpy.o(.emb_text) for __aeabi_memcpy4
    sys_exit.o(.text) refers (Special) to use_no_semi.o(.text) for __I$use$semihosting
    sys_exit.o(.text) refers (Special) to indicate_semi.o(.text) for __semihosting_library_function
    rtexit2.o(.ARM.Collect$$rtexit$$00000003) refers to libshutdown.o(.ARM.Collect$$libshutdown$$00000000) for __rt_lib_shutdown
    rtexit2.o(.ARM.Collect$$rtexit$$00000004) refers to sys_exit.o(.text) for _sys_exit
    rtexit2.o(.ARM.exidx) refers to rtexit2.o(.ARM.Collect$$rtexit$$00000001) for .ARM.Collect$$rtexit$$00000001
    rtexit2.o(.ARM.exidx) refers to rtexit2.o(.ARM.Collect$$rtexit$$00000003) for .ARM.Collect$$rtexit$$00000003
    rtexit2.o(.ARM.exidx) refers to rtexit2.o(.ARM.Collect$$rtexit$$00000004) for .ARM.Collect$$rtexit$$00000004
    maybetermalloc2.o(.emb_text) refers (Special) to term_alloc.o(.text) for _terminate_alloc
    h1_extend.o(.text) refers to h1_free.o(.text) for free
    h1_extend_mt.o(.text) refers to h1_free_mt.o(.text) for _free_internal
    fflush.o(.text) refers to stdio.o(.text) for _fflush
    fflush.o(.text) refers to fseek.o(.text) for _fseek
    fflush.o(.text) refers to stdio_streams.o(.bss) for __stdin
    fputs.o(.text) refers to fputc.o(i.fputc) for fputc
    ftell.o(.text) refers to rt_errno_addr_intlibspace.o(.text) for __aeabi_errno_addr
    fflush_locked.o(.text) refers to stdio.o(.text) for _fflush
    fflush_locked.o(.text) refers to fseek.o(.text) for _fseek
    fflush_locked.o(.text) refers to fflush.o(.text) for _do_fflush
    fflush_locked.o(.text) refers to streamlock.o(.data) for _stream_list_lock
    fflush_locked.o(.text) refers to stdio_streams.o(.bss) for __stdin
    __raise.o(.text) refers to defsig.o(CL$$defsig) for __default_signal_handler
    defsig_general.o(.text) refers to sys_wrch.o(.text) for _ttywrch
    defsig_rtmem_outer.o(.text) refers to defsig_rtmem_inner.o(.text) for __rt_SIGRTMEM_inner
    defsig_rtmem_outer.o(.text) refers to defsig_exit.o(.text) for __sig_exit
    defsig_rtmem_formal.o(.text) refers to rt_raise.o(.text) for __rt_raise
    heapauxa.o(.text) refers to heapauxa.o(.data) for .data
    _get_argv.o(.text) refers (Special) to hrguard.o(.text) for __heap_region$guard
    _get_argv.o(.text) refers to h1_alloc.o(.text) for malloc
    _get_argv.o(.text) refers to defsig_rtmem_outer.o(.text) for __rt_SIGRTMEM
    _get_argv.o(.text) refers to sys_command.o(.text) for _sys_command_string
    _get_argv_nomalloc.o(.text) refers (Special) to hrguard.o(.text) for __heap_region$guard
    _get_argv_nomalloc.o(.text) refers to defsig_rtmem_outer.o(.text) for __rt_SIGRTMEM
    _get_argv_nomalloc.o(.text) refers to sys_command.o(.text) for _sys_command_string
    sys_wrch.o(.text) refers (Special) to use_no_semi.o(.text) for __I$use$semihosting
    sys_wrch.o(.text) refers (Special) to indicate_semi.o(.text) for __semihosting_library_function
    sys_command.o(.text) refers (Special) to use_no_semi.o(.text) for __I$use$semihosting
    sys_command.o(.text) refers (Special) to indicate_semi.o(.text) for __semihosting_library_function
    rt_errno_addr.o(.text) refers to rt_errno_addr.o(.bss) for __aeabi_errno_addr_data
    rt_errno_addr_intlibspace.o(.text) refers to libspace.o(.bss) for __libspace_start
    term_alloc.o(.text) refers (Special) to libshutdown2.o(.ARM.Collect$$libshutdown$$0000000E) for __rt_lib_shutdown_heap_2
    term_alloc.o(.text) refers to rt_heap_descriptor_intlibspace.o(.text) for __rt_heap_descriptor
    defsig_rtmem_inner.o(.text) refers to defsig_general.o(.text) for __default_signal_display
    defsig.o(CL$$defsig) refers to defsig_fpe_inner.o(.text) for __rt_SIGFPE_inner
    defsig.o(CL$$defsig) refers to defsig_rtred_inner.o(.text) for __rt_SIGRTRED_inner
    defsig.o(CL$$defsig) refers to defsig_rtmem_inner.o(.text) for __rt_SIGRTMEM_inner
    libshutdown.o(.ARM.Collect$$libshutdown$$00000000) refers (Special) to libshutdown2.o(.ARM.Collect$$libshutdown$$00000002) for __rt_lib_shutdown_cpp_1
    libshutdown.o(.ARM.Collect$$libshutdown$$00000000) refers (Special) to libshutdown2.o(.ARM.Collect$$libshutdown$$00000007) for __rt_lib_shutdown_fp_trap_1
    libshutdown.o(.ARM.Collect$$libshutdown$$00000000) refers (Special) to libshutdown2.o(.ARM.Collect$$libshutdown$$0000000F) for __rt_lib_shutdown_heap_1
    libshutdown.o(.ARM.Collect$$libshutdown$$00000000) refers (Special) to libshutdown2.o(.ARM.Collect$$libshutdown$$00000010) for __rt_lib_shutdown_return
    libshutdown.o(.ARM.Collect$$libshutdown$$00000000) refers (Special) to libshutdown2.o(.ARM.Collect$$libshutdown$$0000000A) for __rt_lib_shutdown_signal_1
    libshutdown.o(.ARM.Collect$$libshutdown$$00000000) refers (Special) to libshutdown2.o(.ARM.Collect$$libshutdown$$00000004) for __rt_lib_shutdown_stdio_1
    libshutdown.o(.ARM.Collect$$libshutdown$$00000000) refers (Special) to libshutdown2.o(.ARM.Collect$$libshutdown$$0000000C) for __rt_lib_shutdown_user_alloc_1
    defsig_abrt_inner.o(.text) refers to defsig_general.o(.text) for __default_signal_display
    defsig_stak_inner.o(.text) refers to defsig_general.o(.text) for __default_signal_display
    defsig_pvfn_inner.o(.text) refers to defsig_general.o(.text) for __default_signal_display
    defsig_cppl_inner.o(.text) refers to defsig_general.o(.text) for __default_signal_display
    defsig_segv_inner.o(.text) refers to defsig_general.o(.text) for __default_signal_display
    defsig_other.o(.text) refers to defsig_general.o(.text) for __default_signal_display


==============================================================================

Removing Unused input sections from the image.

    Removing main.o(.rev16_text), (4 bytes).
    Removing main.o(.revsh_text), (4 bytes).
    Removing main.o(i._Z10SegLCD_Sethh), (504 bytes).
    Removing main.o(i._Z11SegLCD_Initv), (240 bytes).
    Removing main.o(i._Z14PIT_IRQHandlerv), (68 bytes).
    Removing main.o(i._Z15SysTick_Handlerv), (24 bytes).
    Removing main.o(i._Z17SegLCD_DisplayHext), (56 bytes).
    Removing main.o(i._Z18SegLCD_DisplayTimehh), (132 bytes).
    Removing main.o(i._Z19SegLCD_DisplayErrorh), (68 bytes).
    Removing main.o(i._Z21SegLCD_DisplayDecimalt), (136 bytes).
    Removing main.o(i._Z22PORTC_PORTD_IRQHandlerv), (132 bytes).
    Removing main.o(.ARM.exidx), (8 bytes).
    Removing main.o(.ARM.exidx), (8 bytes).
    Removing main.o(.ARM.exidx), (8 bytes).
    Removing main.o(.ARM.exidx), (8 bytes).
    Removing main.o(.ARM.exidx), (8 bytes).
    Removing main.o(.ARM.exidx), (8 bytes).
    Removing main.o(.ARM.exidx), (8 bytes).
    Removing main.o(.ARM.exidx), (8 bytes).
    Removing main.o(.ARM.exidx), (8 bytes).
    Removing main.o(.ARM.exidx), (8 bytes).
    Removing main.o(.ARM.exidx), (8 bytes).
    Removing main.o(.ARM.exidx), (8 bytes).
    Removing main.o(.ARM.exidx), (8 bytes).
    Removing main.o(.ARM.exidx), (8 bytes).
    Removing main.o(.ARM.exidx), (8 bytes).
    Removing main.o(.ARM.exidx), (8 bytes).
    Removing main.o(.ARM.exidx), (8 bytes).
    Removing main.o(.ARM.exidx), (8 bytes).
    Removing main.o(.constdata), (8 bytes).
    Removing lcd.o(.rev16_text), (4 bytes).
    Removing lcd.o(.revsh_text), (4 bytes).
    Removing lcd.o(i.SegLCD_DisplayDecimal), (136 bytes).
    Removing lcd.o(i.SegLCD_DisplayError), (68 bytes).
    Removing lcd.o(i.SegLCD_DisplayHex), (56 bytes).
    Removing lcd.o(i.SegLCD_DisplayTime), (132 bytes).
    Removing lcd.o(i.SegLCD_Init), (240 bytes).
    Removing lcd.o(i.SegLCD_Set), (504 bytes).
    Removing lcd.o(.constdata), (12 bytes).
    Removing system_mkl46z4.o(.rev16_text), (4 bytes).
    Removing system_mkl46z4.o(.revsh_text), (4 bytes).
    Removing system_mkl46z4.o(i.SystemCoreClockUpdate), (348 bytes).
    Removing system_mkl46z4.o(i.__ARM_common_switch8), (28 bytes).

43 unused section(s) (total 3060 bytes) removed from the image.

==============================================================================

Image Symbol Table

    Local Symbols

    Symbol Name                              Value     Ov Type        Size  Object(Section)

    RESET                                    0x00000000   Section      192  startup_mkl46z4.o(RESET)
    ../clib/angel/boardlib.s                 0x00000000   Number         0  boardinit2.o ABSOLUTE
    ../clib/angel/boardlib.s                 0x00000000   Number         0  boardshut.o ABSOLUTE
    ../clib/angel/boardlib.s                 0x00000000   Number         0  boardinit3.o ABSOLUTE
    ../clib/angel/boardlib.s                 0x00000000   Number         0  boardinit1.o ABSOLUTE
    ../clib/angel/handlers.s                 0x00000000   Number         0  __scatter_zi.o ABSOLUTE
    ../clib/angel/handlers.s                 0x00000000   Number         0  __scatter_copy.o ABSOLUTE
    ../clib/angel/kernel.s                   0x00000000   Number         0  __rtentry2.o ABSOLUTE
    ../clib/angel/kernel.s                   0x00000000   Number         0  rtexit.o ABSOLUTE
    ../clib/angel/kernel.s                   0x00000000   Number         0  __rtentry4.o ABSOLUTE
    ../clib/angel/kernel.s                   0x00000000   Number         0  __rtentry.o ABSOLUTE
    ../clib/angel/kernel.s                   0x00000000   Number         0  rtexit2.o ABSOLUTE
    ../clib/angel/rt.s                       0x00000000   Number         0  rt_heap_descriptor_intlibspace.o ABSOLUTE
    ../clib/angel/rt.s                       0x00000000   Number         0  aeabi_idiv0_sigfpe.o ABSOLUTE
    ../clib/angel/rt.s                       0x00000000   Number         0  rt_errno_addr_intlibspace.o ABSOLUTE
    ../clib/angel/rt.s                       0x00000000   Number         0  rt_errno_addr.o ABSOLUTE
    ../clib/angel/rt.s                       0x00000000   Number         0  rt_div0.o ABSOLUTE
    ../clib/angel/rt.s                       0x00000000   Number         0  aeabi_idiv0.o ABSOLUTE
    ../clib/angel/rt.s                       0x00000000   Number         0  rt_heap_descriptor.o ABSOLUTE
    ../clib/angel/rt.s                       0x00000000   Number         0  rt_raise.o ABSOLUTE
    ../clib/angel/scatterp.s                 0x00000000   Number         0  __scatter.o ABSOLUTE
    ../clib/angel/startup.s                  0x00000000   Number         0  __main.o ABSOLUTE
    ../clib/angel/sys.s                      0x00000000   Number         0  libspace.o ABSOLUTE
    ../clib/angel/sys.s                      0x00000000   Number         0  mutex_dummy.o ABSOLUTE
    ../clib/angel/sys.s                      0x00000000   Number         0  tempstk.o ABSOLUTE
    ../clib/angel/sys.s                      0x00000000   Number         0  indicate_semi.o ABSOLUTE
    ../clib/angel/sys.s                      0x00000000   Number         0  use_no_semi.o ABSOLUTE
    ../clib/angel/sys.s                      0x00000000   Number         0  sys_stackheap_outer.o ABSOLUTE
    ../clib/angel/sysapp.c                   0x00000000   Number         0  sys_wrch.o ABSOLUTE
    ../clib/angel/sysapp.c                   0x00000000   Number         0  sys_command.o ABSOLUTE
    ../clib/angel/sysapp.c                   0x00000000   Number         0  sys_io.o ABSOLUTE
    ../clib/angel/sysapp.c                   0x00000000   Number         0  sys_exit.o ABSOLUTE
    ../clib/armsys.c                         0x00000000   Number         0  _get_argv.o ABSOLUTE
    ../clib/armsys.c                         0x00000000   Number         0  _get_argv_nomalloc.o ABSOLUTE
    ../clib/armsys.c                         0x00000000   Number         0  argv_veneer.o ABSOLUTE
    ../clib/armsys.c                         0x00000000   Number         0  no_argv.o ABSOLUTE
    ../clib/assert.c                         0x00000000   Number         0  assert_stdio.o ABSOLUTE
    ../clib/division.c                       0x00000000   Number         0  rtudiv10.o ABSOLUTE
    ../clib/division.s                       0x00000000   Number         0  aeabi_sdiv.o ABSOLUTE
    ../clib/division.s                       0x00000000   Number         0  aeabi_sdiv_div0.o ABSOLUTE
    ../clib/heap1.c                          0x00000000   Number         0  h1_init_mt.o ABSOLUTE
    ../clib/heap1.c                          0x00000000   Number         0  h1_final_mt.o ABSOLUTE
    ../clib/heap1.c                          0x00000000   Number         0  h1_extend_mt.o ABSOLUTE
    ../clib/heap1.c                          0x00000000   Number         0  h1_free_mt.o ABSOLUTE
    ../clib/heap1.c                          0x00000000   Number         0  h1_free.o ABSOLUTE
    ../clib/heap1.c                          0x00000000   Number         0  h1_alloc_mt.o ABSOLUTE
    ../clib/heap1.c                          0x00000000   Number         0  h1_alloc.o ABSOLUTE
    ../clib/heap1.c                          0x00000000   Number         0  h1_init.o ABSOLUTE
    ../clib/heap1.c                          0x00000000   Number         0  h1_final.o ABSOLUTE
    ../clib/heap1.c                          0x00000000   Number         0  h1_extend.o ABSOLUTE
    ../clib/heap2.c                          0x00000000   Number         0  fdtree.o ABSOLUTE
    ../clib/heap2.c                          0x00000000   Number         0  heap2mt.o ABSOLUTE
    ../clib/heap2.c                          0x00000000   Number         0  heap2.o ABSOLUTE
    ../clib/heapalloc.c                      0x00000000   Number         0  heapstubs.o ABSOLUTE
    ../clib/heapalloc.c                      0x00000000   Number         0  malloc.o ABSOLUTE
    ../clib/heapalloc.c                      0x00000000   Number         0  maybetermalloc1.o ABSOLUTE
    ../clib/heapalloc.c                      0x00000000   Number         0  free.o ABSOLUTE
    ../clib/heapalloc.c                      0x00000000   Number         0  maybetermalloc1.o ABSOLUTE
    ../clib/heapalloc.c                      0x00000000   Number         0  maybetermalloc2.o ABSOLUTE
    ../clib/heapalloc.c                      0x00000000   Number         0  hrguard.o ABSOLUTE
    ../clib/heapalloc.c                      0x00000000   Number         0  term_alloc.o ABSOLUTE
    ../clib/heapalloc.c                      0x00000000   Number         0  maybetermalloc2.o ABSOLUTE
    ../clib/heapalloc.c                      0x00000000   Number         0  hguard.o ABSOLUTE
    ../clib/heapalloc.c                      0x00000000   Number         0  init_alloc.o ABSOLUTE
    ../clib/heapaux.c                        0x00000000   Number         0  heapauxi.o ABSOLUTE
    ../clib/heapaux.c                        0x00000000   Number         0  heapauxa.o ABSOLUTE
    ../clib/libinit.s                        0x00000000   Number         0  libshutdown2.o ABSOLUTE
    ../clib/libinit.s                        0x00000000   Number         0  libinit2.o ABSOLUTE
    ../clib/libinit.s                        0x00000000   Number         0  libshutdown.o ABSOLUTE
    ../clib/libinit.s                        0x00000000   Number         0  libinit.o ABSOLUTE
    ../clib/memcpset.c                       0x00000000   Number         0  rt_memcpy.o ABSOLUTE
    ../clib/memcpset.c                       0x00000000   Number         0  rt_memclr.o ABSOLUTE
    ../clib/memcpset.c                       0x00000000   Number         0  rt_memcpy.o ABSOLUTE
    ../clib/printf.c                         0x00000000   Number         0  __printf_ss.o ABSOLUTE
    ../clib/printf.c                         0x00000000   Number         0  __2printf.o ABSOLUTE
    ../clib/printf.c                         0x00000000   Number         0  __printf_flags_wp.o ABSOLUTE
    ../clib/printf.c                         0x00000000   Number         0  __printf_flags_ss_wp.o ABSOLUTE
    ../clib/printf.c                         0x00000000   Number         0  __printf_nopercent.o ABSOLUTE
    ../clib/printf.c                         0x00000000   Number         0  _printf_dec.o ABSOLUTE
    ../clib/printf.c                         0x00000000   Number         0  __printf_ss_wp.o ABSOLUTE
    ../clib/printf.c                         0x00000000   Number         0  __printf_flags.o ABSOLUTE
    ../clib/printf.c                         0x00000000   Number         0  _printf_char_file.o ABSOLUTE
    ../clib/printf.c                         0x00000000   Number         0  __printf.o ABSOLUTE
    ../clib/printf.c                         0x00000000   Number         0  _printf_intcommon.o ABSOLUTE
    ../clib/printf.c                         0x00000000   Number         0  noretval__2printf.o ABSOLUTE
    ../clib/printf.c                         0x00000000   Number         0  _printf_char_common.o ABSOLUTE
    ../clib/printf.c                         0x00000000   Number         0  __printf_flags_ss.o ABSOLUTE
    ../clib/printf.c                         0x00000000   Number         0  _printf_char_file_locked.o ABSOLUTE
    ../clib/printf.c                         0x00000000   Number         0  __printf_wp.o ABSOLUTE
    ../clib/printf_percent.s                 0x00000000   Number         0  _printf_percent_end.o ABSOLUTE
    ../clib/printf_percent.s                 0x00000000   Number         0  _printf_percent.o ABSOLUTE
    ../clib/printf_percent.s                 0x00000000   Number         0  _printf_d.o ABSOLUTE
    ../clib/signal.c                         0x00000000   Number         0  defsig_rtmem_formal.o ABSOLUTE
    ../clib/signal.c                         0x00000000   Number         0  defsig_general.o ABSOLUTE
    ../clib/signal.c                         0x00000000   Number         0  defsig_rtred_formal.o ABSOLUTE
    ../clib/signal.c                         0x00000000   Number         0  defsig_rtred_outer.o ABSOLUTE
    ../clib/signal.c                         0x00000000   Number         0  defsig_fpe_formal.o ABSOLUTE
    ../clib/signal.c                         0x00000000   Number         0  __raise.o ABSOLUTE
    ../clib/signal.c                         0x00000000   Number         0  defsig_abrt_inner.o ABSOLUTE
    ../clib/signal.c                         0x00000000   Number         0  defsig_rtred_inner.o ABSOLUTE
    ../clib/signal.c                         0x00000000   Number         0  defsig_rtmem_outer.o ABSOLUTE
    ../clib/signal.c                         0x00000000   Number         0  defsig_exit.o ABSOLUTE
    ../clib/signal.c                         0x00000000   Number         0  defsig_fpe_outer.o ABSOLUTE
    ../clib/signal.c                         0x00000000   Number         0  defsig_rtmem_inner.o ABSOLUTE
    ../clib/signal.c                         0x00000000   Number         0  defsig_fpe_inner.o ABSOLUTE
    ../clib/signal.c                         0x00000000   Number         0  defsig_stak_inner.o ABSOLUTE
    ../clib/signal.c                         0x00000000   Number         0  defsig_pvfn_inner.o ABSOLUTE
    ../clib/signal.c                         0x00000000   Number         0  defsig_cppl_inner.o ABSOLUTE
    ../clib/signal.c                         0x00000000   Number         0  defsig_segv_inner.o ABSOLUTE
    ../clib/signal.c                         0x00000000   Number         0  defsig_other.o ABSOLUTE
    ../clib/signal.s                         0x00000000   Number         0  defsig.o ABSOLUTE
    ../clib/stdio.c                          0x00000000   Number         0  flsbuf.o ABSOLUTE
    ../clib/stdio.c                          0x00000000   Number         0  fputs.o ABSOLUTE
    ../clib/stdio.c                          0x00000000   Number         0  streamlock.o ABSOLUTE
    ../clib/stdio.c                          0x00000000   Number         0  fclose.o ABSOLUTE
    ../clib/stdio.c                          0x00000000   Number         0  setvbuf_locked.o ABSOLUTE
    ../clib/stdio.c                          0x00000000   Number         0  fopen_locked.o ABSOLUTE
    ../clib/stdio.c                          0x00000000   Number         0  fwritefast_locked.o ABSOLUTE
    ../clib/stdio.c                          0x00000000   Number         0  fflush_locked.o ABSOLUTE
    ../clib/stdio.c                          0x00000000   Number         0  ftell.o ABSOLUTE
    ../clib/stdio.c                          0x00000000   Number         0  fputs_locked.o ABSOLUTE
    ../clib/stdio.c                          0x00000000   Number         0  fwritefast.o ABSOLUTE
    ../clib/stdio.c                          0x00000000   Number         0  stdio.o ABSOLUTE
    ../clib/stdio.c                          0x00000000   Number         0  fseek.o ABSOLUTE
    ../clib/stdio.c                          0x00000000   Number         0  ferror.o ABSOLUTE
    ../clib/stdio.c                          0x00000000   Number         0  fputc.o ABSOLUTE
    ../clib/stdio.c                          0x00000000   Number         0  setvbuf.o ABSOLUTE
    ../clib/stdio.c                          0x00000000   Number         0  initio.o ABSOLUTE
    ../clib/stdio.c                          0x00000000   Number         0  fputc_locked.o ABSOLUTE
    ../clib/stdio.c                          0x00000000   Number         0  ferror_locked.o ABSOLUTE
    ../clib/stdio.c                          0x00000000   Number         0  initio_locked.o ABSOLUTE
    ../clib/stdio.c                          0x00000000   Number         0  stdio_streams.o ABSOLUTE
    ../clib/stdio.c                          0x00000000   Number         0  fflush.o ABSOLUTE
    ../clib/stdio.c                          0x00000000   Number         0  fopen.o ABSOLUTE
    ../clib/stdlib.c                         0x00000000   Number         0  exit.o ABSOLUTE
    ../clib/string.c                         0x00000000   Number         0  strlen.o ABSOLUTE
    ../clib/wchar.c                          0x00000000   Number         0  flsbuf_fwide.o ABSOLUTE
    ../fplib/cfplib/fpinit.c                 0x00000000   Number         0  fpinit.o ABSOLUTE
    LCD.c                                    0x00000000   Number         0  lcd.o ABSOLUTE
    LCD.c                                    0x00000000   Number         0  lcd.o ABSOLUTE
    RTE\Device\MKL46Z128xxx4\startup_MKL46Z4.s 0x00000000   Number         0  startup_mkl46z4.o ABSOLUTE
    RTE\Device\MKL46Z128xxx4\system_MKL46Z4.c 0x00000000   Number         0  system_mkl46z4.o ABSOLUTE
    RTE\\Device\\MKL46Z128xxx4\\system_MKL46Z4.c 0x00000000   Number         0  system_mkl46z4.o ABSOLUTE
    dc.s                                     0x00000000   Number         0  dc.o ABSOLUTE
    main.cpp                                 0x00000000   Number         0  main.o ABSOLUTE
    main.cpp                                 0x00000000   Number         0  main.o ABSOLUTE
    !!!main                                  0x000000c0   Section        8  __main.o(!!!main)
    !!!scatter                               0x000000c8   Section       60  __scatter.o(!!!scatter)
    !!handler_copy                           0x00000104   Section       26  __scatter_copy.o(!!handler_copy)
    !!handler_zi                             0x00000120   Section       28  __scatter_zi.o(!!handler_zi)
    .ARM.Collect$$_printf_percent$$00000000  0x0000013c   Section        2  _printf_percent.o(.ARM.Collect$$_printf_percent$$00000000)
    .ARM.Collect$$_printf_percent$$00000009  0x0000013e   Section       10  _printf_d.o(.ARM.Collect$$_printf_percent$$00000009)
    .ARM.Collect$$_printf_percent$$00000017  0x00000148   Section        4  _printf_percent_end.o(.ARM.Collect$$_printf_percent$$00000017)
    .ARM.Collect$$libinit$$00000000          0x0000014c   Section        2  libinit.o(.ARM.Collect$$libinit$$00000000)
    .ARM.Collect$$libinit$$00000002          0x0000014e   Section        0  libinit2.o(.ARM.Collect$$libinit$$00000002)
    .ARM.Collect$$libinit$$00000004          0x0000014e   Section        0  libinit2.o(.ARM.Collect$$libinit$$00000004)
    .ARM.Collect$$libinit$$00000005          0x0000014e   Section        8  libinit2.o(.ARM.Collect$$libinit$$00000005)
    .ARM.Collect$$libinit$$0000000A          0x00000156   Section        0  libinit2.o(.ARM.Collect$$libinit$$0000000A)
    .ARM.Collect$$libinit$$0000000C          0x00000156   Section        0  libinit2.o(.ARM.Collect$$libinit$$0000000C)
    .ARM.Collect$$libinit$$0000000E          0x00000156   Section        0  libinit2.o(.ARM.Collect$$libinit$$0000000E)
    .ARM.Collect$$libinit$$00000011          0x00000156   Section        0  libinit2.o(.ARM.Collect$$libinit$$00000011)
    .ARM.Collect$$libinit$$00000013          0x00000156   Section        0  libinit2.o(.ARM.Collect$$libinit$$00000013)
    .ARM.Collect$$libinit$$00000015          0x00000156   Section        0  libinit2.o(.ARM.Collect$$libinit$$00000015)
    .ARM.Collect$$libinit$$00000017          0x00000156   Section        0  libinit2.o(.ARM.Collect$$libinit$$00000017)
    .ARM.Collect$$libinit$$00000019          0x00000156   Section        0  libinit2.o(.ARM.Collect$$libinit$$00000019)
    .ARM.Collect$$libinit$$0000001B          0x00000156   Section        0  libinit2.o(.ARM.Collect$$libinit$$0000001B)
    .ARM.Collect$$libinit$$0000001D          0x00000156   Section        0  libinit2.o(.ARM.Collect$$libinit$$0000001D)
    .ARM.Collect$$libinit$$0000001F          0x00000156   Section        0  libinit2.o(.ARM.Collect$$libinit$$0000001F)
    .ARM.Collect$$libinit$$00000021          0x00000156   Section        0  libinit2.o(.ARM.Collect$$libinit$$00000021)
    .ARM.Collect$$libinit$$00000023          0x00000156   Section        0  libinit2.o(.ARM.Collect$$libinit$$00000023)
    .ARM.Collect$$libinit$$00000024          0x00000156   Section        4  libinit2.o(.ARM.Collect$$libinit$$00000024)
    .ARM.Collect$$libinit$$00000025          0x0000015a   Section        0  libinit2.o(.ARM.Collect$$libinit$$00000025)
    .ARM.Collect$$libinit$$0000002C          0x0000015a   Section        0  libinit2.o(.ARM.Collect$$libinit$$0000002C)
    .ARM.Collect$$libinit$$0000002E          0x0000015a   Section        0  libinit2.o(.ARM.Collect$$libinit$$0000002E)
    .ARM.Collect$$libinit$$00000030          0x0000015a   Section        0  libinit2.o(.ARM.Collect$$libinit$$00000030)
    .ARM.Collect$$libinit$$00000032          0x0000015a   Section        0  libinit2.o(.ARM.Collect$$libinit$$00000032)
    .ARM.Collect$$libinit$$00000033          0x0000015a   Section        2  libinit2.o(.ARM.Collect$$libinit$$00000033)
    .ARM.Collect$$libshutdown$$00000000      0x0000015c   Section        2  libshutdown.o(.ARM.Collect$$libshutdown$$00000000)
    .ARM.Collect$$libshutdown$$00000002      0x0000015e   Section        0  libshutdown2.o(.ARM.Collect$$libshutdown$$00000002)
    .ARM.Collect$$libshutdown$$00000003      0x0000015e   Section        4  libshutdown2.o(.ARM.Collect$$libshutdown$$00000003)
    .ARM.Collect$$libshutdown$$00000004      0x00000162   Section        0  libshutdown2.o(.ARM.Collect$$libshutdown$$00000004)
    .ARM.Collect$$libshutdown$$00000007      0x00000162   Section        0  libshutdown2.o(.ARM.Collect$$libshutdown$$00000007)
    .ARM.Collect$$libshutdown$$0000000A      0x00000162   Section        0  libshutdown2.o(.ARM.Collect$$libshutdown$$0000000A)
    .ARM.Collect$$libshutdown$$0000000C      0x00000162   Section        0  libshutdown2.o(.ARM.Collect$$libshutdown$$0000000C)
    .ARM.Collect$$libshutdown$$0000000F      0x00000162   Section        0  libshutdown2.o(.ARM.Collect$$libshutdown$$0000000F)
    .ARM.Collect$$libshutdown$$00000010      0x00000162   Section        2  libshutdown2.o(.ARM.Collect$$libshutdown$$00000010)
    .ARM.Collect$$rtentry$$00000000          0x00000164   Section        0  __rtentry.o(.ARM.Collect$$rtentry$$00000000)
    .ARM.Collect$$rtentry$$00000002          0x00000164   Section        0  __rtentry2.o(.ARM.Collect$$rtentry$$00000002)
    .ARM.Collect$$rtentry$$00000004          0x00000164   Section        6  __rtentry4.o(.ARM.Collect$$rtentry$$00000004)
    .ARM.Collect$$rtentry$$00000009          0x0000016a   Section        0  __rtentry2.o(.ARM.Collect$$rtentry$$00000009)
    .ARM.Collect$$rtentry$$0000000A          0x0000016a   Section        4  __rtentry2.o(.ARM.Collect$$rtentry$$0000000A)
    .ARM.Collect$$rtentry$$0000000C          0x0000016e   Section        0  __rtentry2.o(.ARM.Collect$$rtentry$$0000000C)
    .ARM.Collect$$rtentry$$0000000D          0x0000016e   Section        8  __rtentry2.o(.ARM.Collect$$rtentry$$0000000D)
    .ARM.Collect$$rtexit$$00000000           0x00000176   Section        2  rtexit.o(.ARM.Collect$$rtexit$$00000000)
    .ARM.Collect$$rtexit$$00000002           0x00000178   Section        0  rtexit2.o(.ARM.Collect$$rtexit$$00000002)
    .ARM.Collect$$rtexit$$00000003           0x00000178   Section        4  rtexit2.o(.ARM.Collect$$rtexit$$00000003)
    .ARM.Collect$$rtexit$$00000004           0x0000017c   Section        6  rtexit2.o(.ARM.Collect$$rtexit$$00000004)
    .emb_text                                0x00000184   Section        0  maybetermalloc1.o(.emb_text)
    .text                                    0x00000184   Section       52  startup_mkl46z4.o(.text)
    .text                                    0x000001b8   Section        0  noretval__2printf.o(.text)
    .text                                    0x000001d4   Section        0  __printf.o(.text)
    .text                                    0x00000240   Section        0  _printf_dec.o(.text)
    .text                                    0x000002ac   Section        0  heapauxi.o(.text)
    .text                                    0x000002b2   Section        0  _printf_intcommon.o(.text)
    .text                                    0x00000364   Section        0  _printf_char_file.o(.text)
    .text                                    0x0000038c   Section        0  rtudiv10.o(.text)
    .text                                    0x000003b4   Section        0  _printf_char_common.o(.text)
    _printf_input_char                       0x000003b5   Thumb Code    10  _printf_char_common.o(.text)
    .text                                    0x000003e4   Section        0  ferror.o(.text)
    .text                                    0x000003ec   Section        0  exit.o(.text)
    .text                                    0x000003fc   Section        2  use_no_semi.o(.text)
    .text                                    0x000003fe   Section        0  indicate_semi.o(.text)
    .ARM.__at_0x400                          0x00000400   Section       16  startup_mkl46z4.o(.ARM.__at_0x400)
    .text                                    0x00000410   Section      346  aeabi_sdiv.o(.text)
    .text                                    0x0000056c   Section        0  initio.o(.text)
    .text                                    0x000006a8   Section        0  sys_io.o(.text)
    .text                                    0x0000070e   Section       62  sys_stackheap_outer.o(.text)
    .text                                    0x0000074c   Section        0  h1_free.o(.text)
    .text                                    0x00000798   Section        0  flsbuf.o(.text)
    .text                                    0x00000988   Section        0  setvbuf.o(.text)
    .text                                    0x000009d4   Section        0  fopen.o(.text)
    _freopen_locked                          0x000009d5   Thumb Code     0  fopen.o(.text)
    .text                                    0x00000abc   Section        0  fclose.o(.text)
    .text                                    0x00000b08   Section        0  defsig_rtred_outer.o(.text)
    .text                                    0x00000b14   Section        0  rt_memclr.o(.text)
    .text                                    0x00000b54   Section        8  libspace.o(.text)
    .text                                    0x00000b5c   Section        8  rt_heap_descriptor_intlibspace.o(.text)
    .text                                    0x00000b64   Section        0  hguard.o(.text)
    .text                                    0x00000b68   Section        0  init_alloc.o(.text)
    .text                                    0x00000bf0   Section        0  h1_alloc.o(.text)
    .text                                    0x00000c54   Section        0  fseek.o(.text)
    .text                                    0x00000d48   Section        0  stdio.o(.text)
    .text                                    0x00000e38   Section        0  defsig_exit.o(.text)
    .text                                    0x00000e44   Section        0  defsig_rtred_inner.o(.text)
    .text                                    0x00000e78   Section        0  strlen.o(.text)
    .text                                    0x00000ebc   Section        0  sys_exit.o(.text)
    .text                                    0x00000ec8   Section        0  h1_init.o(.text)
    .text                                    0x00000ed6   Section        0  h1_extend.o(.text)
    .text                                    0x00000f0a   Section        0  ftell.o(.text)
    .text                                    0x00000f4c   Section        0  defsig_general.o(.text)
    .text                                    0x00000f80   Section        0  defsig_rtmem_outer.o(.text)
    .text                                    0x00000f8c   Section        0  sys_wrch.o(.text)
    .text                                    0x00000f98   Section        8  rt_errno_addr_intlibspace.o(.text)
    .text                                    0x00000fa0   Section        0  defsig_rtmem_inner.o(.text)
    i.SystemInit                             0x00000ff0   Section        0  system_mkl46z4.o(i.SystemInit)
    i._Z16__NVIC_EnableIRQ4IRQn              0x0000105c   Section        0  main.o(i._Z16__NVIC_EnableIRQ4IRQn)
    __NVIC_EnableIRQ(IRQn)                   0x0000105d   Thumb Code    26  main.o(i._Z16__NVIC_EnableIRQ4IRQn)
    i._Z18__NVIC_SetPriority4IRQnj           0x0000107c   Section        0  main.o(i._Z18__NVIC_SetPriority4IRQnj)
    __NVIC_SetPriority(IRQn, unsigned)       0x0000107d   Thumb Code   110  main.o(i._Z18__NVIC_SetPriority4IRQnj)
    i._Z22init_SysTick_interruptv            0x000010f4   Section        0  main.o(i._Z22init_SysTick_interruptv)
    i._Z26PORTC_PORTD_Interrupt_initv        0x00001114   Section        0  main.o(i._Z26PORTC_PORTD_Interrupt_initv)
    i._Z5Delayj                              0x00001140   Section        0  main.o(i._Z5Delayj)
    i._Z6initSWv                             0x00001160   Section        0  main.o(i._Z6initSWv)
    i._Z7initLedv                            0x00001218   Section        0  main.o(i._Z7initLedv)
    i._Z8PIT_initj                           0x0000127c   Section        0  main.o(i._Z8PIT_initj)
    i.fputc                                  0x000012c4   Section        0  fputc.o(i.fputc)
    i.main                                   0x000012e4   Section        0  main.o(i.main)
    .constdata                               0x00001430   Section        4  sys_io.o(.constdata)
    .constdata                               0x00001434   Section        4  sys_io.o(.constdata)
    .constdata                               0x00001438   Section        4  sys_io.o(.constdata)
    .data                                    0x1ffff000   Section       32  main.o(.data)
    .data                                    0x1ffff020   Section        4  system_mkl46z4.o(.data)
    .data                                    0x1ffff024   Section        4  stdio_streams.o(.data)
    .data                                    0x1ffff028   Section        4  stdio_streams.o(.data)
    .data                                    0x1ffff02c   Section        4  stdio_streams.o(.data)
    .bss                                     0x1ffff030   Section       84  stdio_streams.o(.bss)
    .bss                                     0x1ffff084   Section       84  stdio_streams.o(.bss)
    .bss                                     0x1ffff0d8   Section       84  stdio_streams.o(.bss)
    .bss                                     0x1ffff12c   Section       96  libspace.o(.bss)
    HEAP                                     0x1ffff190   Section        0  startup_mkl46z4.o(HEAP)
    STACK                                    0x1ffff190   Section      256  startup_mkl46z4.o(STACK)
    Heap_Mem                                 0x1ffff190   Data           0  startup_mkl46z4.o(HEAP)
    Stack_Mem                                0x1ffff190   Data         256  startup_mkl46z4.o(STACK)
    __initial_sp                             0x1ffff290   Data           0  startup_mkl46z4.o(STACK)

    Global Symbols

    Symbol Name                              Value     Ov Type        Size  Object(Section)

    BuildAttributes$$THM_ISAv3M$S$PE$A:L22$X:L11$S22$IEEE1$IW$USESV6$~STKCKD$USESV7$~SHL$OTIME$ROPI$EBA8$UX$STANDARDLIB$REQ8$PRES8$EABIv2 0x00000000   Number         0  anon$$obj.o ABSOLUTE
    __ARM_use_no_argv                        0x00000000   Number         0  main.o ABSOLUTE
    __Vectors                                0x00000000   Data           4  startup_mkl46z4.o(RESET)
    __ARM_exceptions_init                     - Undefined Weak Reference
    __alloca_initialize                       - Undefined Weak Reference
    __arm_preinit_                            - Undefined Weak Reference
    __cpp_initialize__aeabi_                  - Undefined Weak Reference
    __cxa_finalize                            - Undefined Weak Reference
    __rt_locale                               - Undefined Weak Reference
    __sigvec_lookup                           - Undefined Weak Reference
    __user_heap_extent                        - Undefined Weak Reference
    _atexit_init                              - Undefined Weak Reference
    _call_atexit_fns                          - Undefined Weak Reference
    _clock_init                               - Undefined Weak Reference
    _fp_trap_init                             - Undefined Weak Reference
    _fp_trap_shutdown                         - Undefined Weak Reference
    _get_lc_collate                           - Undefined Weak Reference
    _get_lc_ctype                             - Undefined Weak Reference
    _get_lc_monetary                          - Undefined Weak Reference
    _get_lc_numeric                           - Undefined Weak Reference
    _get_lc_time                              - Undefined Weak Reference
    _getenv_init                              - Undefined Weak Reference
    _handle_redirection                       - Undefined Weak Reference
    _mutex_acquire                            - Undefined Weak Reference
    _mutex_free                               - Undefined Weak Reference
    _mutex_release                            - Undefined Weak Reference
    _printf_post_padding                      - Undefined Weak Reference
    _printf_pre_padding                       - Undefined Weak Reference
    _printf_truncate_signed                   - Undefined Weak Reference
    _printf_truncate_unsigned                 - Undefined Weak Reference
    _rand_init                                - Undefined Weak Reference
    _signal_finish                            - Undefined Weak Reference
    _signal_init                              - Undefined Weak Reference
    __Vectors_End                            0x000000c0   Data           0  startup_mkl46z4.o(RESET)
    __Vectors_Size                           0x000000c0   Number         0  startup_mkl46z4.o ABSOLUTE
    __main                                   0x000000c1   Thumb Code     8  __main.o(!!!main)
    __scatterload                            0x000000c9   Thumb Code     0  __scatter.o(!!!scatter)
    __scatterload_rt2                        0x000000c9   Thumb Code    52  __scatter.o(!!!scatter)
    __scatterload_rt2_thumb_only             0x000000c9   Thumb Code     0  __scatter.o(!!!scatter)
    __scatterload_null                       0x000000d9   Thumb Code     0  __scatter.o(!!!scatter)
    __scatterload_copy                       0x00000105   Thumb Code    26  __scatter_copy.o(!!handler_copy)
    __scatterload_zeroinit                   0x00000121   Thumb Code    28  __scatter_zi.o(!!handler_zi)
    _printf_percent                          0x0000013d   Thumb Code     0  _printf_percent.o(.ARM.Collect$$_printf_percent$$00000000)
    _printf_d                                0x0000013f   Thumb Code     0  _printf_d.o(.ARM.Collect$$_printf_percent$$00000009)
    _printf_percent_end                      0x00000149   Thumb Code     0  _printf_percent_end.o(.ARM.Collect$$_printf_percent$$00000017)
    __rt_lib_init                            0x0000014d   Thumb Code     0  libinit.o(.ARM.Collect$$libinit$$00000000)
    __rt_lib_init_fp_1                       0x0000014f   Thumb Code     0  libinit2.o(.ARM.Collect$$libinit$$00000002)
    __rt_lib_init_heap_2                     0x0000014f   Thumb Code     0  libinit2.o(.ARM.Collect$$libinit$$00000005)
    __rt_lib_init_preinit_1                  0x0000014f   Thumb Code     0  libinit2.o(.ARM.Collect$$libinit$$00000004)
    __rt_lib_init_atexit_1                   0x00000157   Thumb Code     0  libinit2.o(.ARM.Collect$$libinit$$0000001B)
    __rt_lib_init_clock_1                    0x00000157   Thumb Code     0  libinit2.o(.ARM.Collect$$libinit$$00000021)
    __rt_lib_init_fp_trap_1                  0x00000157   Thumb Code     0  libinit2.o(.ARM.Collect$$libinit$$0000001F)
    __rt_lib_init_getenv_1                   0x00000157   Thumb Code     0  libinit2.o(.ARM.Collect$$libinit$$00000023)
    __rt_lib_init_heap_1                     0x00000157   Thumb Code     0  libinit2.o(.ARM.Collect$$libinit$$0000000A)
    __rt_lib_init_lc_collate_1               0x00000157   Thumb Code     0  libinit2.o(.ARM.Collect$$libinit$$00000011)
    __rt_lib_init_lc_ctype_1                 0x00000157   Thumb Code     0  libinit2.o(.ARM.Collect$$libinit$$00000013)
    __rt_lib_init_lc_monetary_1              0x00000157   Thumb Code     0  libinit2.o(.ARM.Collect$$libinit$$00000015)
    __rt_lib_init_lc_numeric_1               0x00000157   Thumb Code     0  libinit2.o(.ARM.Collect$$libinit$$00000017)
    __rt_lib_init_lc_time_1                  0x00000157   Thumb Code     0  libinit2.o(.ARM.Collect$$libinit$$00000019)
    __rt_lib_init_rand_1                     0x00000157   Thumb Code     0  libinit2.o(.ARM.Collect$$libinit$$0000000E)
    __rt_lib_init_signal_1                   0x00000157   Thumb Code     0  libinit2.o(.ARM.Collect$$libinit$$0000001D)
    __rt_lib_init_stdio_2                    0x00000157   Thumb Code     0  libinit2.o(.ARM.Collect$$libinit$$00000024)
    __rt_lib_init_user_alloc_1               0x00000157   Thumb Code     0  libinit2.o(.ARM.Collect$$libinit$$0000000C)
    __rt_lib_init_alloca_1                   0x0000015b   Thumb Code     0  libinit2.o(.ARM.Collect$$libinit$$0000002E)
    __rt_lib_init_argv_1                     0x0000015b   Thumb Code     0  libinit2.o(.ARM.Collect$$libinit$$0000002C)
    __rt_lib_init_cpp_1                      0x0000015b   Thumb Code     0  libinit2.o(.ARM.Collect$$libinit$$00000032)
    __rt_lib_init_exceptions_1               0x0000015b   Thumb Code     0  libinit2.o(.ARM.Collect$$libinit$$00000030)
    __rt_lib_init_return                     0x0000015b   Thumb Code     0  libinit2.o(.ARM.Collect$$libinit$$00000033)
    __rt_lib_init_stdio_1                    0x0000015b   Thumb Code     0  libinit2.o(.ARM.Collect$$libinit$$00000025)
    __rt_lib_shutdown                        0x0000015d   Thumb Code     0  libshutdown.o(.ARM.Collect$$libshutdown$$00000000)
    __rt_lib_shutdown_cpp_1                  0x0000015f   Thumb Code     0  libshutdown2.o(.ARM.Collect$$libshutdown$$00000002)
    __rt_lib_shutdown_stdio_2                0x0000015f   Thumb Code     0  libshutdown2.o(.ARM.Collect$$libshutdown$$00000003)
    __rt_lib_shutdown_fp_trap_1              0x00000163   Thumb Code     0  libshutdown2.o(.ARM.Collect$$libshutdown$$00000007)
    __rt_lib_shutdown_heap_1                 0x00000163   Thumb Code     0  libshutdown2.o(.ARM.Collect$$libshutdown$$0000000F)
    __rt_lib_shutdown_return                 0x00000163   Thumb Code     0  libshutdown2.o(.ARM.Collect$$libshutdown$$00000010)
    __rt_lib_shutdown_signal_1               0x00000163   Thumb Code     0  libshutdown2.o(.ARM.Collect$$libshutdown$$0000000A)
    __rt_lib_shutdown_stdio_1                0x00000163   Thumb Code     0  libshutdown2.o(.ARM.Collect$$libshutdown$$00000004)
    __rt_lib_shutdown_user_alloc_1           0x00000163   Thumb Code     0  libshutdown2.o(.ARM.Collect$$libshutdown$$0000000C)
    __rt_entry                               0x00000165   Thumb Code     0  __rtentry.o(.ARM.Collect$$rtentry$$00000000)
    __rt_entry_presh_1                       0x00000165   Thumb Code     0  __rtentry2.o(.ARM.Collect$$rtentry$$00000002)
    __rt_entry_sh                            0x00000165   Thumb Code     0  __rtentry4.o(.ARM.Collect$$rtentry$$00000004)
    __rt_entry_li                            0x0000016b   Thumb Code     0  __rtentry2.o(.ARM.Collect$$rtentry$$0000000A)
    __rt_entry_postsh_1                      0x0000016b   Thumb Code     0  __rtentry2.o(.ARM.Collect$$rtentry$$00000009)
    __rt_entry_main                          0x0000016f   Thumb Code     0  __rtentry2.o(.ARM.Collect$$rtentry$$0000000D)
    __rt_entry_postli_1                      0x0000016f   Thumb Code     0  __rtentry2.o(.ARM.Collect$$rtentry$$0000000C)
    __rt_exit                                0x00000177   Thumb Code     0  rtexit.o(.ARM.Collect$$rtexit$$00000000)
    __rt_exit_ls                             0x00000179   Thumb Code     0  rtexit2.o(.ARM.Collect$$rtexit$$00000003)
    __rt_exit_prels_1                        0x00000179   Thumb Code     0  rtexit2.o(.ARM.Collect$$rtexit$$00000002)
    __rt_exit_exit                           0x0000017d   Thumb Code     0  rtexit2.o(.ARM.Collect$$rtexit$$00000004)
    Reset_Handler                            0x00000185   Thumb Code     8  startup_mkl46z4.o(.text)
    _maybe_terminate_alloc                   0x00000185   Thumb Code     0  maybetermalloc1.o(.emb_text)
    NMI_Handler                              0x0000018d   Thumb Code     2  startup_mkl46z4.o(.text)
    HardFault_Handler                        0x0000018f   Thumb Code     2  startup_mkl46z4.o(.text)
    SVC_Handler                              0x00000191   Thumb Code     2  startup_mkl46z4.o(.text)
    PendSV_Handler                           0x00000193   Thumb Code     2  startup_mkl46z4.o(.text)
    SysTick_Handler                          0x00000195   Thumb Code     2  startup_mkl46z4.o(.text)
    ADC0_IRQHandler                          0x00000197   Thumb Code     0  startup_mkl46z4.o(.text)
    CMP0_IRQHandler                          0x00000197   Thumb Code     0  startup_mkl46z4.o(.text)
    DAC0_IRQHandler                          0x00000197   Thumb Code     0  startup_mkl46z4.o(.text)
    DMA0_IRQHandler                          0x00000197   Thumb Code     0  startup_mkl46z4.o(.text)
    DMA1_IRQHandler                          0x00000197   Thumb Code     0  startup_mkl46z4.o(.text)
    DMA2_IRQHandler                          0x00000197   Thumb Code     0  startup_mkl46z4.o(.text)
    DMA3_IRQHandler                          0x00000197   Thumb Code     0  startup_mkl46z4.o(.text)
    DefaultISR                               0x00000197   Thumb Code     0  startup_mkl46z4.o(.text)
    FTFA_IRQHandler                          0x00000197   Thumb Code     0  startup_mkl46z4.o(.text)
    I2C0_IRQHandler                          0x00000197   Thumb Code     0  startup_mkl46z4.o(.text)
    I2C1_IRQHandler                          0x00000197   Thumb Code     0  startup_mkl46z4.o(.text)
    I2S0_IRQHandler                          0x00000197   Thumb Code     0  startup_mkl46z4.o(.text)
    LCD_IRQHandler                           0x00000197   Thumb Code     0  startup_mkl46z4.o(.text)
    LLW_IRQHandler                           0x00000197   Thumb Code     0  startup_mkl46z4.o(.text)
    LPTimer_IRQHandler                       0x00000197   Thumb Code     0  startup_mkl46z4.o(.text)
    LVD_LVW_IRQHandler                       0x00000197   Thumb Code     0  startup_mkl46z4.o(.text)
    MCG_IRQHandler                           0x00000197   Thumb Code     0  startup_mkl46z4.o(.text)
    PIT_IRQHandler                           0x00000197   Thumb Code     0  startup_mkl46z4.o(.text)
    PORTA_IRQHandler                         0x00000197   Thumb Code     0  startup_mkl46z4.o(.text)
    PORTC_PORTD_IRQHandler                   0x00000197   Thumb Code     0  startup_mkl46z4.o(.text)
    RTC_IRQHandler                           0x00000197   Thumb Code     0  startup_mkl46z4.o(.text)
    RTC_Seconds_IRQHandler                   0x00000197   Thumb Code     0  startup_mkl46z4.o(.text)
    Reserved20_IRQHandler                    0x00000197   Thumb Code     0  startup_mkl46z4.o(.text)
    SPI0_IRQHandler                          0x00000197   Thumb Code     0  startup_mkl46z4.o(.text)
    SPI1_IRQHandler                          0x00000197   Thumb Code     0  startup_mkl46z4.o(.text)
    TPM0_IRQHandler                          0x00000197   Thumb Code     0  startup_mkl46z4.o(.text)
    TPM1_IRQHandler                          0x00000197   Thumb Code     0  startup_mkl46z4.o(.text)
    TPM2_IRQHandler                          0x00000197   Thumb Code     0  startup_mkl46z4.o(.text)
    TSI0_IRQHandler                          0x00000197   Thumb Code     0  startup_mkl46z4.o(.text)
    UART0_IRQHandler                         0x00000197   Thumb Code     0  startup_mkl46z4.o(.text)
    UART1_IRQHandler                         0x00000197   Thumb Code     0  startup_mkl46z4.o(.text)
    UART2_IRQHandler                         0x00000197   Thumb Code     0  startup_mkl46z4.o(.text)
    USB0_IRQHandler                          0x00000197   Thumb Code     0  startup_mkl46z4.o(.text)
    __user_initial_stackheap                 0x00000199   Thumb Code     0  startup_mkl46z4.o(.text)
    __2printf                                0x000001b9   Thumb Code    22  noretval__2printf.o(.text)
    __printf                                 0x000001d5   Thumb Code   108  __printf.o(.text)
    _printf_int_dec                          0x00000241   Thumb Code    90  _printf_dec.o(.text)
    __use_two_region_memory                  0x000002ad   Thumb Code     2  heapauxi.o(.text)
    __rt_heap_escrow                         0x000002af   Thumb Code     2  heapauxi.o(.text)
    __rt_heap_expand                         0x000002b1   Thumb Code     2  heapauxi.o(.text)
    _printf_int_common                       0x000002b3   Thumb Code   176  _printf_intcommon.o(.text)
    _printf_char_file                        0x00000365   Thumb Code    34  _printf_char_file.o(.text)
    __rt_udiv10                              0x0000038d   Thumb Code    40  rtudiv10.o(.text)
    _printf_char_common                      0x000003bf   Thumb Code    32  _printf_char_common.o(.text)
    ferror                                   0x000003e5   Thumb Code     8  ferror.o(.text)
    exit                                     0x000003ed   Thumb Code    16  exit.o(.text)
    __I$use$semihosting                      0x000003fd   Thumb Code     0  use_no_semi.o(.text)
    __use_no_semihosting_swi                 0x000003fd   Thumb Code     2  use_no_semi.o(.text)
    __semihosting_library_function           0x000003ff   Thumb Code     0  indicate_semi.o(.text)
    __aeabi_uidiv                            0x00000411   Thumb Code     0  aeabi_sdiv.o(.text)
    __aeabi_uidivmod                         0x00000411   Thumb Code    20  aeabi_sdiv.o(.text)
    __aeabi_idiv                             0x00000425   Thumb Code     0  aeabi_sdiv.o(.text)
    __aeabi_idivmod                          0x00000425   Thumb Code   326  aeabi_sdiv.o(.text)
    _initio                                  0x0000056d   Thumb Code   216  initio.o(.text)
    _terminateio                             0x00000645   Thumb Code    56  initio.o(.text)
    _sys_open                                0x000006a9   Thumb Code    20  sys_io.o(.text)
    _sys_close                               0x000006bd   Thumb Code    12  sys_io.o(.text)
    _sys_write                               0x000006c9   Thumb Code    16  sys_io.o(.text)
    _sys_read                                0x000006d9   Thumb Code    14  sys_io.o(.text)
    _sys_istty                               0x000006e7   Thumb Code    12  sys_io.o(.text)
    _sys_seek                                0x000006f3   Thumb Code    14  sys_io.o(.text)
    _sys_ensure                              0x00000701   Thumb Code     2  sys_io.o(.text)
    _sys_flen                                0x00000703   Thumb Code    12  sys_io.o(.text)
    __user_setup_stackheap                   0x0000070f   Thumb Code    62  sys_stackheap_outer.o(.text)
    free                                     0x0000074d   Thumb Code    76  h1_free.o(.text)
    __flsbuf                                 0x00000799   Thumb Code   486  flsbuf.o(.text)
    __flsbuf_byte                            0x00000799   Thumb Code     0  flsbuf.o(.text)
    __flsbuf_wide                            0x00000799   Thumb Code     0  flsbuf.o(.text)
    setvbuf                                  0x00000989   Thumb Code    72  setvbuf.o(.text)
    freopen                                  0x000009d5   Thumb Code   148  fopen.o(.text)
    fopen                                    0x00000a69   Thumb Code    76  fopen.o(.text)
    _fclose_internal                         0x00000abd   Thumb Code    72  fclose.o(.text)
    fclose                                   0x00000abd   Thumb Code     0  fclose.o(.text)
    __rt_SIGRTRED                            0x00000b09   Thumb Code    12  defsig_rtred_outer.o(.text)
    _memset_w                                0x00000b15   Thumb Code    26  rt_memclr.o(.text)
    _memset                                  0x00000b2f   Thumb Code    30  rt_memclr.o(.text)
    __aeabi_memclr                           0x00000b4d   Thumb Code     4  rt_memclr.o(.text)
    __rt_memclr                              0x00000b4d   Thumb Code     0  rt_memclr.o(.text)
    __aeabi_memclr4                          0x00000b51   Thumb Code     0  rt_memclr.o(.text)
    __aeabi_memclr8                          0x00000b51   Thumb Code     0  rt_memclr.o(.text)
    __rt_memclr_w                            0x00000b51   Thumb Code     4  rt_memclr.o(.text)
    __user_libspace                          0x00000b55   Thumb Code     8  libspace.o(.text)
    __user_perproc_libspace                  0x00000b55   Thumb Code     0  libspace.o(.text)
    __user_perthread_libspace                0x00000b55   Thumb Code     0  libspace.o(.text)
    __rt_heap_descriptor                     0x00000b5d   Thumb Code     8  rt_heap_descriptor_intlibspace.o(.text)
    __use_no_heap                            0x00000b65   Thumb Code     2  hguard.o(.text)
    __heap$guard                             0x00000b67   Thumb Code     2  hguard.o(.text)
    _terminate_user_alloc                    0x00000b69   Thumb Code     2  init_alloc.o(.text)
    _init_user_alloc                         0x00000b6b   Thumb Code     2  init_alloc.o(.text)
    __Heap_Full                              0x00000b6d   Thumb Code    32  init_alloc.o(.text)
    __Heap_Broken                            0x00000b8d   Thumb Code    10  init_alloc.o(.text)
    _init_alloc                              0x00000b97   Thumb Code    90  init_alloc.o(.text)
    malloc                                   0x00000bf1   Thumb Code    98  h1_alloc.o(.text)
    _fseek                                   0x00000c55   Thumb Code   240  fseek.o(.text)
    fseek                                    0x00000c55   Thumb Code     0  fseek.o(.text)
    _seterr                                  0x00000d49   Thumb Code    20  stdio.o(.text)
    _writebuf                                0x00000d5d   Thumb Code    76  stdio.o(.text)
    _fflush                                  0x00000da9   Thumb Code    76  stdio.o(.text)
    _deferredlazyseek                        0x00000df5   Thumb Code    60  stdio.o(.text)
    __sig_exit                               0x00000e39   Thumb Code    12  defsig_exit.o(.text)
    __rt_SIGRTRED_inner                      0x00000e45   Thumb Code    14  defsig_rtred_inner.o(.text)
    strlen                                   0x00000e79   Thumb Code    62  strlen.o(.text)
    _sys_exit                                0x00000ebd   Thumb Code     8  sys_exit.o(.text)
    __Heap_Initialize                        0x00000ec9   Thumb Code    10  h1_init.o(.text)
    __Heap_DescSize                          0x00000ed3   Thumb Code     4  h1_init.o(.text)
    __Heap_ProvideMemory                     0x00000ed7   Thumb Code    52  h1_extend.o(.text)
    _ftell_internal                          0x00000f0b   Thumb Code    66  ftell.o(.text)
    ftell                                    0x00000f0b   Thumb Code     0  ftell.o(.text)
    __default_signal_display                 0x00000f4d   Thumb Code    52  defsig_general.o(.text)
    __rt_SIGRTMEM                            0x00000f81   Thumb Code    12  defsig_rtmem_outer.o(.text)
    _ttywrch                                 0x00000f8d   Thumb Code    12  sys_wrch.o(.text)
    __aeabi_errno_addr                       0x00000f99   Thumb Code     8  rt_errno_addr_intlibspace.o(.text)
    __errno$intlibspace                      0x00000f99   Thumb Code     0  rt_errno_addr_intlibspace.o(.text)
    __rt_errno_addr$intlibspace              0x00000f99   Thumb Code     0  rt_errno_addr_intlibspace.o(.text)
    __rt_SIGRTMEM_inner                      0x00000fa1   Thumb Code    22  defsig_rtmem_inner.o(.text)
    SystemInit                               0x00000ff1   Thumb Code    94  system_mkl46z4.o(i.SystemInit)
    init_SysTick_interrupt()                 0x000010f5   Thumb Code    24  main.o(i._Z22init_SysTick_interruptv)
    PORTC_PORTD_Interrupt_init()             0x00001115   Thumb Code    38  main.o(i._Z26PORTC_PORTD_Interrupt_initv)
    Delay(unsigned)                          0x00001141   Thumb Code    26  main.o(i._Z5Delayj)
    initSW()                                 0x00001161   Thumb Code   170  main.o(i._Z6initSWv)
    initLed()                                0x00001219   Thumb Code    84  main.o(i._Z7initLedv)
    PIT_init(unsigned)                       0x0000127d   Thumb Code    58  main.o(i._Z8PIT_initj)
    fputc                                    0x000012c5   Thumb Code    30  fputc.o(i.fputc)
    main                                     0x000012e5   Thumb Code   308  main.o(i.main)
    __stdin_name                             0x00001430   Data           4  sys_io.o(.constdata)
    __stdout_name                            0x00001434   Data           4  sys_io.o(.constdata)
    __stderr_name                            0x00001438   Data           4  sys_io.o(.constdata)
    Region$$Table$$Base                      0x0000143c   Number         0  anon$$obj.o(Region$$Table)
    Region$$Table$$Limit                     0x0000145c   Number         0  anon$$obj.o(Region$$Table)
    msTicks                                  0x1ffff000   Data           8  main.o(.data)
    mode                                     0x1ffff008   Data           1  main.o(.data)
    timeNow                                  0x1ffff010   Data           8  main.o(.data)
    lastOperation                            0x1ffff018   Data           8  main.o(.data)
    SystemCoreClock                          0x1ffff020   Data           4  system_mkl46z4.o(.data)
    __aeabi_stdin                            0x1ffff024   Data           4  stdio_streams.o(.data)
    __aeabi_stdout                           0x1ffff028   Data           4  stdio_streams.o(.data)
    __aeabi_stderr                           0x1ffff02c   Data           4  stdio_streams.o(.data)
    __stdin                                  0x1ffff030   Data          84  stdio_streams.o(.bss)
    __stdout                                 0x1ffff084   Data          84  stdio_streams.o(.bss)
    __stderr                                 0x1ffff0d8   Data          84  stdio_streams.o(.bss)
    __libspace_start                         0x1ffff12c   Data          96  libspace.o(.bss)
    __temporary_stack_top$libspace           0x1ffff18c   Data           0  libspace.o(.bss)



==============================================================================

Memory Map of the image

  Image Entry point : 0x000000c1

  Load Region LR_IROM1 (Base: 0x00000000, Size: 0x0000148c, Max: 0x00020000, ABSOLUTE)

    Execution Region ER_IROM1 (Exec base: 0x00000000, Load base: 0x00000000, Size: 0x0000145c, Max: 0x00020000, ABSOLUTE)

    Exec Addr    Load Addr    Size         Type   Attr      Idx    E Section Name        Object

    0x00000000   0x00000000   0x000000c0   Data   RO          263    RESET               startup_mkl46z4.o
    0x000000c0   0x000000c0   0x00000008   Code   RO          349  * !!!main             c_p.l(__main.o)
    0x000000c8   0x000000c8   0x0000003c   Code   RO          714    !!!scatter          c_p.l(__scatter.o)
    0x00000104   0x00000104   0x0000001a   Code   RO          716    !!handler_copy      c_p.l(__scatter_copy.o)
    0x0000011e   0x0000011e   0x00000002   PAD
    0x00000120   0x00000120   0x0000001c   Code   RO          718    !!handler_zi        c_p.l(__scatter_zi.o)
    0x0000013c   0x0000013c   0x00000002   Code   RO          342    .ARM.Collect$$_printf_percent$$00000000  c_p.l(_printf_percent.o)
    0x0000013e   0x0000013e   0x0000000a   Code   RO          341    .ARM.Collect$$_printf_percent$$00000009  c_p.l(_printf_d.o)
    0x00000148   0x00000148   0x00000004   Code   RO          360    .ARM.Collect$$_printf_percent$$00000017  c_p.l(_printf_percent_end.o)
    0x0000014c   0x0000014c   0x00000002   Code   RO          500    .ARM.Collect$$libinit$$00000000  c_p.l(libinit.o)
    0x0000014e   0x0000014e   0x00000000   Code   RO          502    .ARM.Collect$$libinit$$00000002  c_p.l(libinit2.o)
    0x0000014e   0x0000014e   0x00000000   Code   RO          504    .ARM.Collect$$libinit$$00000004  c_p.l(libinit2.o)
    0x0000014e   0x0000014e   0x00000008   Code   RO          505    .ARM.Collect$$libinit$$00000005  c_p.l(libinit2.o)
    0x00000156   0x00000156   0x00000000   Code   RO          507    .ARM.Collect$$libinit$$0000000A  c_p.l(libinit2.o)
    0x00000156   0x00000156   0x00000000   Code   RO          509    .ARM.Collect$$libinit$$0000000C  c_p.l(libinit2.o)
    0x00000156   0x00000156   0x00000000   Code   RO          511    .ARM.Collect$$libinit$$0000000E  c_p.l(libinit2.o)
    0x00000156   0x00000156   0x00000000   Code   RO          514    .ARM.Collect$$libinit$$00000011  c_p.l(libinit2.o)
    0x00000156   0x00000156   0x00000000   Code   RO          516    .ARM.Collect$$libinit$$00000013  c_p.l(libinit2.o)
    0x00000156   0x00000156   0x00000000   Code   RO          518    .ARM.Collect$$libinit$$00000015  c_p.l(libinit2.o)
    0x00000156   0x00000156   0x00000000   Code   RO          520    .ARM.Collect$$libinit$$00000017  c_p.l(libinit2.o)
    0x00000156   0x00000156   0x00000000   Code   RO          522    .ARM.Collect$$libinit$$00000019  c_p.l(libinit2.o)
    0x00000156   0x00000156   0x00000000   Code   RO          524    .ARM.Collect$$libinit$$0000001B  c_p.l(libinit2.o)
    0x00000156   0x00000156   0x00000000   Code   RO          526    .ARM.Collect$$libinit$$0000001D  c_p.l(libinit2.o)
    0x00000156   0x00000156   0x00000000   Code   RO          528    .ARM.Collect$$libinit$$0000001F  c_p.l(libinit2.o)
    0x00000156   0x00000156   0x00000000   Code   RO          530    .ARM.Collect$$libinit$$00000021  c_p.l(libinit2.o)
    0x00000156   0x00000156   0x00000000   Code   RO          532    .ARM.Collect$$libinit$$00000023  c_p.l(libinit2.o)
    0x00000156   0x00000156   0x00000004   Code   RO          533    .ARM.Collect$$libinit$$00000024  c_p.l(libinit2.o)
    0x0000015a   0x0000015a   0x00000000   Code   RO          534    .ARM.Collect$$libinit$$00000025  c_p.l(libinit2.o)
    0x0000015a   0x0000015a   0x00000000   Code   RO          538    .ARM.Collect$$libinit$$0000002C  c_p.l(libinit2.o)
    0x0000015a   0x0000015a   0x00000000   Code   RO          540    .ARM.Collect$$libinit$$0000002E  c_p.l(libinit2.o)
    0x0000015a   0x0000015a   0x00000000   Code   RO          542    .ARM.Collect$$libinit$$00000030  c_p.l(libinit2.o)
    0x0000015a   0x0000015a   0x00000000   Code   RO          544    .ARM.Collect$$libinit$$00000032  c_p.l(libinit2.o)
    0x0000015a   0x0000015a   0x00000002   Code   RO          545    .ARM.Collect$$libinit$$00000033  c_p.l(libinit2.o)
    0x0000015c   0x0000015c   0x00000002   Code   RO          695    .ARM.Collect$$libshutdown$$00000000  c_p.l(libshutdown.o)
    0x0000015e   0x0000015e   0x00000000   Code   RO          547    .ARM.Collect$$libshutdown$$00000002  c_p.l(libshutdown2.o)
    0x0000015e   0x0000015e   0x00000004   Code   RO          548    .ARM.Collect$$libshutdown$$00000003  c_p.l(libshutdown2.o)
    0x00000162   0x00000162   0x00000000   Code   RO          549    .ARM.Collect$$libshutdown$$00000004  c_p.l(libshutdown2.o)
    0x00000162   0x00000162   0x00000000   Code   RO          552    .ARM.Collect$$libshutdown$$00000007  c_p.l(libshutdown2.o)
    0x00000162   0x00000162   0x00000000   Code   RO          555    .ARM.Collect$$libshutdown$$0000000A  c_p.l(libshutdown2.o)
    0x00000162   0x00000162   0x00000000   Code   RO          557    .ARM.Collect$$libshutdown$$0000000C  c_p.l(libshutdown2.o)
    0x00000162   0x00000162   0x00000000   Code   RO          560    .ARM.Collect$$libshutdown$$0000000F  c_p.l(libshutdown2.o)
    0x00000162   0x00000162   0x00000002   Code   RO          561    .ARM.Collect$$libshutdown$$00000010  c_p.l(libshutdown2.o)
    0x00000164   0x00000164   0x00000000   Code   RO          351    .ARM.Collect$$rtentry$$00000000  c_p.l(__rtentry.o)
    0x00000164   0x00000164   0x00000000   Code   RO          370    .ARM.Collect$$rtentry$$00000002  c_p.l(__rtentry2.o)
    0x00000164   0x00000164   0x00000006   Code   RO          382    .ARM.Collect$$rtentry$$00000004  c_p.l(__rtentry4.o)
    0x0000016a   0x0000016a   0x00000000   Code   RO          372    .ARM.Collect$$rtentry$$00000009  c_p.l(__rtentry2.o)
    0x0000016a   0x0000016a   0x00000004   Code   RO          373    .ARM.Collect$$rtentry$$0000000A  c_p.l(__rtentry2.o)
    0x0000016e   0x0000016e   0x00000000   Code   RO          375    .ARM.Collect$$rtentry$$0000000C  c_p.l(__rtentry2.o)
    0x0000016e   0x0000016e   0x00000008   Code   RO          376    .ARM.Collect$$rtentry$$0000000D  c_p.l(__rtentry2.o)
    0x00000176   0x00000176   0x00000002   Code   RO          571    .ARM.Collect$$rtexit$$00000000  c_p.l(rtexit.o)
    0x00000178   0x00000178   0x00000000   Code   RO          633    .ARM.Collect$$rtexit$$00000002  c_p.l(rtexit2.o)
    0x00000178   0x00000178   0x00000004   Code   RO          634    .ARM.Collect$$rtexit$$00000003  c_p.l(rtexit2.o)
    0x0000017c   0x0000017c   0x00000006   Code   RO          635    .ARM.Collect$$rtexit$$00000004  c_p.l(rtexit2.o)
    0x00000182   0x00000182   0x00000002   PAD
    0x00000184   0x00000184   0x00000000   Code   RO          639    .emb_text           c_p.l(maybetermalloc1.o)
    0x00000184   0x00000184   0x00000034   Code   RO          265    .text               startup_mkl46z4.o
    0x000001b8   0x000001b8   0x0000001c   Code   RO          315    .text               c_p.l(noretval__2printf.o)
    0x000001d4   0x000001d4   0x0000006c   Code   RO          317    .text               c_p.l(__printf.o)
    0x00000240   0x00000240   0x0000006c   Code   RO          319    .text               c_p.l(_printf_dec.o)
    0x000002ac   0x000002ac   0x00000006   Code   RO          347    .text               c_p.l(heapauxi.o)
    0x000002b2   0x000002b2   0x000000b0   Code   RO          356    .text               c_p.l(_printf_intcommon.o)
    0x00000362   0x00000362   0x00000002   PAD
    0x00000364   0x00000364   0x00000028   Code   RO          358    .text               c_p.l(_printf_char_file.o)
    0x0000038c   0x0000038c   0x00000028   Code   RO          367    .text               c_p.l(rtudiv10.o)
    0x000003b4   0x000003b4   0x00000030   Code   RO          386    .text               c_p.l(_printf_char_common.o)
    0x000003e4   0x000003e4   0x00000008   Code   RO          388    .text               c_p.l(ferror.o)
    0x000003ec   0x000003ec   0x00000010   Code   RO          483    .text               c_p.l(exit.o)
    0x000003fc   0x000003fc   0x00000002   Code   RO          567    .text               c_p.l(use_no_semi.o)
    0x000003fe   0x000003fe   0x00000000   Code   RO          569    .text               c_p.l(indicate_semi.o)
    0x000003fe   0x000003fe   0x00000002   PAD
    0x00000400   0x00000400   0x00000010   Code   RO          264    .ARM.__at_0x400     startup_mkl46z4.o
    0x00000410   0x00000410   0x0000015a   Code   RO          343    .text               c_p.l(aeabi_sdiv.o)
    0x0000056a   0x0000056a   0x00000002   PAD
    0x0000056c   0x0000056c   0x0000013c   Code   RO          394    .text               c_p.l(initio.o)
    0x000006a8   0x000006a8   0x00000066   Code   RO          402    .text               c_p.l(sys_io.o)
    0x0000070e   0x0000070e   0x0000003e   Code   RO          409    .text               c_p.l(sys_stackheap_outer.o)
    0x0000074c   0x0000074c   0x0000004c   Code   RO          414    .text               c_p.l(h1_free.o)
    0x00000798   0x00000798   0x000001f0   Code   RO          470    .text               c_p.l(flsbuf.o)
    0x00000988   0x00000988   0x0000004c   Code   RO          472    .text               c_p.l(setvbuf.o)
    0x000009d4   0x000009d4   0x000000e8   Code   RO          475    .text               c_p.l(fopen.o)
    0x00000abc   0x00000abc   0x0000004c   Code   RO          477    .text               c_p.l(fclose.o)
    0x00000b08   0x00000b08   0x0000000c   Code   RO          489    .text               c_p.l(defsig_rtred_outer.o)
    0x00000b14   0x00000b14   0x00000040   Code   RO          493    .text               c_p.l(rt_memclr.o)
    0x00000b54   0x00000b54   0x00000008   Code   RO          564    .text               c_p.l(libspace.o)
    0x00000b5c   0x00000b5c   0x00000008   Code   RO          578    .text               c_p.l(rt_heap_descriptor_intlibspace.o)
    0x00000b64   0x00000b64   0x00000004   Code   RO          580    .text               c_p.l(hguard.o)
    0x00000b68   0x00000b68   0x00000088   Code   RO          582    .text               c_p.l(init_alloc.o)
    0x00000bf0   0x00000bf0   0x00000062   Code   RO          588    .text               c_p.l(h1_alloc.o)
    0x00000c52   0x00000c52   0x00000002   PAD
    0x00000c54   0x00000c54   0x000000f4   Code   RO          604    .text               c_p.l(fseek.o)
    0x00000d48   0x00000d48   0x000000f0   Code   RO          606    .text               c_p.l(stdio.o)
    0x00000e38   0x00000e38   0x0000000c   Code   RO          612    .text               c_p.l(defsig_exit.o)
    0x00000e44   0x00000e44   0x00000034   Code   RO          616    .text               c_p.l(defsig_rtred_inner.o)
    0x00000e78   0x00000e78   0x00000044   Code   RO          620    .text               c_p.l(strlen.o)
    0x00000ebc   0x00000ebc   0x0000000c   Code   RO          630    .text               c_p.l(sys_exit.o)
    0x00000ec8   0x00000ec8   0x0000000e   Code   RO          641    .text               c_p.l(h1_init.o)
    0x00000ed6   0x00000ed6   0x00000034   Code   RO          643    .text               c_p.l(h1_extend.o)
    0x00000f0a   0x00000f0a   0x00000042   Code   RO          653    .text               c_p.l(ftell.o)
    0x00000f4c   0x00000f4c   0x00000034   Code   RO          661    .text               c_p.l(defsig_general.o)
    0x00000f80   0x00000f80   0x0000000c   Code   RO          663    .text               c_p.l(defsig_rtmem_outer.o)
    0x00000f8c   0x00000f8c   0x0000000c   Code   RO          676    .text               c_p.l(sys_wrch.o)
    0x00000f98   0x00000f98   0x00000008   Code   RO          683    .text               c_p.l(rt_errno_addr_intlibspace.o)
    0x00000fa0   0x00000fa0   0x00000050   Code   RO          689    .text               c_p.l(defsig_rtmem_inner.o)
    0x00000ff0   0x00000ff0   0x0000006c   Code   RO          274    i.SystemInit        system_mkl46z4.o
    0x0000105c   0x0000105c   0x00000020   Code   RO            7    i._Z16__NVIC_EnableIRQ4IRQn  main.o
    0x0000107c   0x0000107c   0x00000078   Code   RO           10    i._Z18__NVIC_SetPriority4IRQnj  main.o
    0x000010f4   0x000010f4   0x00000020   Code   RO           14    i._Z22init_SysTick_interruptv  main.o
    0x00001114   0x00001114   0x0000002c   Code   RO           15    i._Z26PORTC_PORTD_Interrupt_initv  main.o
    0x00001140   0x00001140   0x00000020   Code   RO           16    i._Z5Delayj         main.o
    0x00001160   0x00001160   0x000000b8   Code   RO           17    i._Z6initSWv        main.o
    0x00001218   0x00001218   0x00000064   Code   RO           18    i._Z7initLedv       main.o
    0x0000127c   0x0000127c   0x00000048   Code   RO           19    i._Z8PIT_initj      main.o
    0x000012c4   0x000012c4   0x0000001e   Code   RO          391    i.fputc             c_p.l(fputc.o)
    0x000012e2   0x000012e2   0x00000002   PAD
    0x000012e4   0x000012e4   0x0000014c   Code   RO           20    i.main              main.o
    0x00001430   0x00001430   0x00000004   Data   RO          403    .constdata          c_p.l(sys_io.o)
    0x00001434   0x00001434   0x00000004   Data   RO          404    .constdata          c_p.l(sys_io.o)
    0x00001438   0x00001438   0x00000004   Data   RO          405    .constdata          c_p.l(sys_io.o)
    0x0000143c   0x0000143c   0x00000020   Data   RO          712    Region$$Table       anon$$obj.o


    Execution Region RW_IRAM1 (Exec base: 0x1ffff000, Load base: 0x0000145c, Size: 0x00000290, Max: 0x00004000, ABSOLUTE)

    Exec Addr    Load Addr    Size         Type   Attr      Idx    E Section Name        Object

    0x1ffff000   0x0000145c   0x00000020   Data   RW           40    .data               main.o
    0x1ffff020   0x0000147c   0x00000004   Data   RW          275    .data               system_mkl46z4.o
    0x1ffff024   0x00001480   0x00000004   Data   RW          364    .data               c_p.l(stdio_streams.o)
    0x1ffff028   0x00001484   0x00000004   Data   RW          365    .data               c_p.l(stdio_streams.o)
    0x1ffff02c   0x00001488   0x00000004   Data   RW          366    .data               c_p.l(stdio_streams.o)
    0x1ffff030        -       0x00000054   Zero   RW          361    .bss                c_p.l(stdio_streams.o)
    0x1ffff084        -       0x00000054   Zero   RW          362    .bss                c_p.l(stdio_streams.o)
    0x1ffff0d8        -       0x00000054   Zero   RW          363    .bss                c_p.l(stdio_streams.o)
    0x1ffff12c        -       0x00000060   Zero   RW          565    .bss                c_p.l(libspace.o)
    0x1ffff18c   0x0000148c   0x00000004   PAD
    0x1ffff190        -       0x00000000   Zero   RW          262    HEAP                startup_mkl46z4.o
    0x1ffff190        -       0x00000100   Zero   RW          261    STACK               startup_mkl46z4.o


==============================================================================

Image component sizes


      Code (inc. data)   RO Data    RW Data    ZI Data      Debug   Object Name

         0          0          0          0          0       4508   lcd.o
       948        104          0         32          0     292448   main.o
        68         38        192          0        256        832   startup_mkl46z4.o
       108         14          0          4          0        695   system_mkl46z4.o

    ----------------------------------------------------------------------
      1124        156        224         36        256     298483   Object Totals
         0          0         32          0          0          0   (incl. Generated)
         0          0          0          0          0          0   (incl. Padding)

    ----------------------------------------------------------------------

      Code (inc. data)   RO Data    RW Data    ZI Data      Debug   Library Member Name

         8          0          0          0          0         68   __main.o
       108          0          0          0          0         76   __printf.o
         0          0          0          0          0          0   __rtentry.o
        12          0          0          0          0          0   __rtentry2.o
         6          0          0          0          0          0   __rtentry4.o
        60          8          0          0          0          0   __scatter.o
        26          0          0          0          0          0   __scatter_copy.o
        28          0          0          0          0          0   __scatter_zi.o
        48          6          0          0          0         88   _printf_char_common.o
        40          6          0          0          0         72   _printf_char_file.o
        10          0          0          0          0          0   _printf_d.o
       108         18          0          0          0         76   _printf_dec.o
       176          0          0          0          0         84   _printf_intcommon.o
         2          0          0          0          0          0   _printf_percent.o
         4          0          0          0          0          0   _printf_percent_end.o
       346          0          0          0          0         92   aeabi_sdiv.o
        12          0          0          0          0         68   defsig_exit.o
        52          0          0          0          0         72   defsig_general.o
        80         58          0          0          0         68   defsig_rtmem_inner.o
        12          0          0          0          0         68   defsig_rtmem_outer.o
        52         38          0          0          0         68   defsig_rtred_inner.o
        12          0          0          0          0         68   defsig_rtred_outer.o
        16          0          0          0          0         68   exit.o
        76          4          0          0          0         76   fclose.o
         8          0          0          0          0         60   ferror.o
       496         10          0          0          0         76   flsbuf.o
       232          8          0          0          0        108   fopen.o
        30          0          0          0          0         68   fputc.o
       244          4          0          0          0         76   fseek.o
        66          0          0          0          0         68   ftell.o
        98          0          0          0          0         72   h1_alloc.o
        52          0          0          0          0         68   h1_extend.o
        76          0          0          0          0         72   h1_free.o
        14          0          0          0          0         76   h1_init.o
         6          0          0          0          0        136   heapauxi.o
         4          0          0          0          0        120   hguard.o
         0          0          0          0          0          0   indicate_semi.o
       136          0          0          0          0        160   init_alloc.o
       316         44          0          0          0         96   initio.o
         2          0          0          0          0          0   libinit.o
        14          0          0          0          0          0   libinit2.o
         2          0          0          0          0          0   libshutdown.o
         6          0          0          0          0          0   libshutdown2.o
         8          4          0          0         96         68   libspace.o
         0          0          0          0          0          0   maybetermalloc1.o
        28          6          0          0          0         84   noretval__2printf.o
         8          4          0          0          0         68   rt_errno_addr_intlibspace.o
         8          4          0          0          0         68   rt_heap_descriptor_intlibspace.o
        64          0          0          0          0        108   rt_memclr.o
         2          0          0          0          0          0   rtexit.o
        10          0          0          0          0          0   rtexit2.o
        40          0          0          0          0         60   rtudiv10.o
        76          4          0          0          0         72   setvbuf.o
       240          8          0          0          0        144   stdio.o
         0          0          0         12        252          0   stdio_streams.o
        68          6          0          0          0         72   strlen.o
        12          4          0          0          0         60   sys_exit.o
       102          0         12          0          0        232   sys_io.o
        62          0          0          0          0         80   sys_stackheap_outer.o
        12          0          0          0          0         68   sys_wrch.o
         2          0          0          0          0         68   use_no_semi.o

    ----------------------------------------------------------------------
      3852        244         12         12        352       3620   Library Totals
        14          0          0          0          4          0   (incl. Padding)

    ----------------------------------------------------------------------

      Code (inc. data)   RO Data    RW Data    ZI Data      Debug   Library Name

      3838        244         12         12        348       3620   c_p.l

    ----------------------------------------------------------------------
      3852        244         12         12        352       3620   Library Totals

    ----------------------------------------------------------------------

==============================================================================


      Code (inc. data)   RO Data    RW Data    ZI Data      Debug   

      4976        400        236         48        608     299963   Grand Totals
      4976        400        236         48        608     299963   ELF Image Totals
      4976        400        236         48          0          0   ROM Totals

==============================================================================

    Total RO  Size (Code + RO Data)                 5212 (   5.09kB)
    Total RW  Size (RW Data + ZI Data)               656 (   0.64kB)
    Total ROM Size (Code + RO Data + RW Data)       5260 (   5.14kB)

==============================================================================

